 num     #instances         #bytes  class name (module)
-------------------------------------------------------
   1:        181847        7466672  [B (java.base@16.0.2)
   2:        110452        7035048  [Ljava.lang.Object; (java.base@16.0.2)
   3:         20605        5600744  [J (java.base@16.0.2)
   4:         22616        4990520  [I (java.base@16.0.2)
   5:         20563        1974048  org.mariadb.jdbc.internal.com.read.resultset.SelectResultSet
   6:         20564        1809632  org.mariadb.jdbc.MariaDbStatement
   7:         20568        1645376  [S (java.base@16.0.2)
   8:         41126        1645040  org.mariadb.jdbc.internal.com.read.resultset.ColumnDefinition
   9:         20564        1480608  org.mariadb.jdbc.internal.com.read.dao.Results
  10:         57273        1374552  java.lang.String (java.base@16.0.2)
  11:         20564        1153096  [[B (java.base@16.0.2)
  12:         47392        1137408  java.util.ArrayList (java.base@16.0.2)
  13:         41126         987024  org.mariadb.jdbc.internal.com.read.Buffer
  14:         20563         822520  IgnoredException
  15:         20563         822520  org.mariadb.jdbc.internal.com.read.dao.CmdInformationMultiple
  16:         20563         822520  org.mariadb.jdbc.internal.com.read.resultset.rowprotocol.TextRowProtocol
  17:          4361         520568  java.lang.Class (java.base@16.0.2)
  18:         20663         495912  java.util.ArrayDeque (java.base@16.0.2)
  19:         20563         493512  [Lorg.mariadb.jdbc.internal.com.read.resultset.ColumnDefinition;
  20:         20563         493512  org.mariadb.jdbc.internal.com.read.dao.ColumnLabelIndexer
  21:         14296         457472  java.util.concurrent.ConcurrentHashMap$Node (java.base@16.0.2)
  22:         10126         324032  java.util.HashMap$Node (java.base@16.0.2)
  23:          3478         293848  [Ljava.util.HashMap$Node; (java.base@16.0.2)
  24:          3057         269016  java.lang.reflect.Method (java.base@16.0.2)
  25:          5090         203600  java.util.LinkedHashMap$Entry (java.base@16.0.2)
  26:           327         147472  [Ljava.util.concurrent.ConcurrentHashMap$Node; (java.base@16.0.2)
  27:          7679         122864  java.lang.Object (java.base@16.0.2)
  28:           742         122608  [C (java.base@16.0.2)
  29:          2442         117216  java.util.HashMap (java.base@16.0.2)
  30:          4245         104112  [Ljava.lang.Class; (java.base@16.0.2)
  31:          1226          88272  java.lang.reflect.Field (java.base@16.0.2)
  32:          2087          83480  org.codehaus.plexus.util.xml.Xpp3Dom
  33:          1986          79440  sun.util.locale.LocaleObjectCache$CacheEntry (java.base@16.0.2)
  34:          1364          76384  org.apache.maven.plugin.descriptor.Parameter
  35:          1313          73528  java.util.LinkedHashMap (java.base@16.0.2)
  36:           916          65952  org.apache.maven.model.Plugin
  37:          1621          64840  java.lang.ref.SoftReference (java.base@16.0.2)
  38:           689          60632  org.apache.maven.model.Developer
  39:           610          43920  java.lang.reflect.Constructor (java.base@16.0.2)
  40:          1285          41120  org.codehaus.plexus.configuration.xml.XmlPlexusConfiguration
  41:          1378          33072  java.util.LinkedList$Node (java.base@16.0.2)
  42:          1011          32352  java.util.Locale (java.base@16.0.2)
  43:          1010          32320  sun.util.locale.BaseLocale (java.base@16.0.2)
  44:           991          31712  sun.util.locale.BaseLocale$Key (java.base@16.0.2)
  45:           495          31680  java.lang.Class$ReflectionData (java.base@16.0.2)
  46:           918          29376  com.google.inject.Key
  47:          1181          28344  com.google.inject.TypeLiteral
  48:           425          27200  java.util.concurrent.ConcurrentHashMap (java.base@16.0.2)
  49:           781          24992  com.google.inject.spi.ElementSource
  50:           565          22600  org.eclipse.aether.artifact.DefaultArtifact
  51:           705          22560  com.google.common.cache.LocalCache$StrongEntry
  52:           231          22176  org.apache.maven.model.Dependency
  53:           442          21888  [Ljava.lang.reflect.Method; (java.base@16.0.2)
  54:           430          20640  com.google.inject.internal.ProviderInstanceBindingImpl
  55:           425          20400  java.lang.invoke.MemberName (java.base@16.0.2)
  56:           521          20192  [Ljava.lang.String; (java.base@16.0.2)
  57:           579          18528  java.util.Collections$UnmodifiableMap (java.base@16.0.2)
  58:           160          17920  org.apache.maven.model.Profile
  59:           556          17792  org.eclipse.aether.graph.Dependency
  60:           501          16032  java.util.concurrent.locks.ReentrantLock$NonfairSync (java.base@16.0.2)
  61:           477          15264  org.codehaus.plexus.component.repository.ComponentDependency
  62:           471          15072  com.google.inject.spi.Dependency
  63:           592          14208  sun.reflect.annotation.AnnotationInvocationHandler (java.base@16.0.2)
  64:           443          14176  com.google.inject.internal.CycleDetectingLock$CycleDetectingLockFactory$ReentrantCycleDetectingLock
  65:           219          14016  org.apache.maven.model.ReportPlugin
  66:           250          14000  org.apache.maven.model.PluginExecution
  67:           166          12616  [Ljava.lang.ref.SoftReference; (java.base@16.0.2)
  68:           311          12440  java.lang.invoke.MethodType (java.base@16.0.2)
  69:            44          12320  [Z (java.base@16.0.2)
  70:           723          11568  com.google.common.cache.LocalCache$StrongValueReference
  71:            60          11520  org.apache.maven.model.Model
  72:           358          11456  java.lang.invoke.MethodType$ConcurrentWeakInternSet$WeakEntry (java.base@16.0.2)
  73:           104          11392  [Ljava.util.WeakHashMap$Entry; (java.base@16.0.2)
  74:           231          11088  com.google.inject.internal.Initializer$InjectableReference
  75:            77          11088  org.apache.maven.plugin.descriptor.MojoDescriptor
  76:           341          10912  jdk.internal.math.FDBigInteger (java.base@16.0.2)
  77:           340          10880  com.google.inject.spi.InjectionPoint
  78:           156           9984  java.net.URL (java.base@16.0.2)
  79:           392           9408  java.lang.Class$AnnotationData (java.base@16.0.2)
  80:            90           9360  java.util.jar.JarFile$JarFileEntry (java.base@16.0.2)
  81:           129           9288  org.apache.maven.model.MailingList
  82:           289           9248  java.lang.Package (java.base@16.0.2)
  83:           382           9160  [Lcom.google.inject.spi.ProvisionListener;
  84:           380           9120  com.google.inject.internal.ProvisionListenerStackCallback
  85:           379           9096  com.google.inject.internal.ProvisionListenerCallbackStore$KeyBinding
  86:           189           9072  jdk.internal.ref.CleanerImpl$PhantomCleanableRef (java.base@16.0.2)
  87:           371           8904  java.util.jar.Attributes$Name (java.base@16.0.2)
  88:           363           8712  java.lang.module.ModuleDescriptor$Exports (java.base@16.0.2)
  89:           359           8616  java.lang.Long (java.base@16.0.2)
  90:           354           8496  java.lang.invoke.ResolvedMethodName (java.base@16.0.2)
  91:           212           8480  com.google.inject.internal.SingletonScope$1
  92:           271           8336  [Ljava.lang.reflect.Field; (java.base@16.0.2)
  93:           345           8312  [Ljava.lang.reflect.Constructor; (java.base@16.0.2)
  94:           259           8288  sun.security.util.KnownOIDs (java.base@16.0.2)
  95:           253           8096  java.lang.invoke.LambdaForm$Name (java.base@16.0.2)
  96:           202           8080  java.lang.Package$VersionInfo (java.base@16.0.2)
  97:           243           7776  java.io.File (java.base@16.0.2)
  98:           243           7776  java.lang.ref.WeakReference (java.base@16.0.2)
  99:            60           7680  sun.nio.fs.UnixFileAttributes (java.base@16.0.2)
 100:           312           7488  com.google.common.collect.RegularImmutableList
 101:           453           7248  java.util.concurrent.locks.ReentrantLock (java.base@16.0.2)
 102:           174           6960  java.util.WeakHashMap$Entry (java.base@16.0.2)
 103:           144           6912  com.google.inject.internal.ConstructorBindingImpl
 104:           103           6592  org.apache.maven.model.BuildBase
 105:           204           6528  jdk.internal.reflect.NativeConstructorAccessorImpl (java.base@16.0.2)
 106:           204           6528  jdk.internal.reflect.UnsafeObjectFieldAccessorImpl (java.base@16.0.2)
 107:           116           6496  java.util.Properties (java.base@16.0.2)
 108:           196           6272  org.codehaus.plexus.component.repository.ComponentRequirement
 109:           261           6264  java.util.ImmutableCollections$Set12 (java.base@16.0.2)
 110:            93           5952  java.util.zip.Inflater (java.base@16.0.2)
 111:           184           5888  com.google.inject.internal.InjectorImpl$1
 112:           182           5824  com.google.inject.internal.MembersInjectorImpl
 113:           232           5568  org.eclipse.sisu.space.NamedClass
 114:           172           5504  java.lang.ref.ReferenceQueue (java.base@16.0.2)
 115:            95           5320  java.lang.Module (java.base@16.0.2)
 116:           218           5256  [Ljava.lang.reflect.Type; (java.base@16.0.2)
 117:           219           5256  com.google.inject.internal.InternalFactoryToProviderAdapter
 118:           219           5256  com.google.inject.internal.ProviderToInternalFactoryAdapter
 119:           213           5112  com.google.inject.internal.InternalFactoryToInitializableAdapter
 120:           212           5088  com.google.inject.internal.ConstructionContext
 121:           103           4944  java.util.WeakHashMap (java.base@16.0.2)
 122:            61           4880  java.net.URI (java.base@16.0.2)
 123:           301           4816  java.lang.Integer (java.base@16.0.2)
 124:            60           4800  java.util.zip.ZipFile$Source (java.base@16.0.2)
 125:            54           4752  org.apache.maven.model.Build
 126:           144           4608  com.google.inject.internal.ConstructorBindingImpl$Factory
 127:           144           4608  com.google.inject.internal.ConstructorInjector
 128:            96           4608  org.mariadb.jdbc.util.DefaultOptions
 129:            57           4560  org.apache.maven.artifact.DefaultArtifact
 130:           105           4488  [[C (java.base@16.0.2)
 131:            12           4416  java.lang.Thread (java.base@16.0.2)
 132:           134           4288  java.lang.module.ModuleDescriptor$Requires (java.base@16.0.2)
 133:            53           4240  org.apache.maven.model.Scm
 134:             1           4112  [Ljava.nio.ByteBuffer; (java.base@16.0.2)
 135:           256           4096  java.lang.Byte (java.base@16.0.2)
 136:           256           4096  java.lang.Short (java.base@16.0.2)
 137:            64           4096  java.lang.module.ModuleDescriptor (java.base@16.0.2)
 138:           170           4080  jdk.internal.module.ServicesCatalog$ServiceProvider (java.base@16.0.2)
 139:           102           4080  org.eclipse.sisu.inject.MildValues$Weak
 140:           165           3960  com.google.inject.internal.MoreTypes$ParameterizedTypeImpl
 141:           247           3952  java.util.LinkedHashMap$LinkedValues (java.base@16.0.2)
 142:            48           3840  com.google.common.cache.LocalCache$Segment
 143:            79           3792  java.lang.invoke.LambdaForm (java.base@16.0.2)
 144:           118           3776  sun.nio.fs.UnixPath (java.base@16.0.2)
 145:           157           3768  sun.reflect.generics.tree.SimpleClassTypeSignature (java.base@16.0.2)
 146:            58           3712  org.apache.maven.model.Activation
 147:            90           3600  java.math.BigInteger (java.base@16.0.2)
 148:            84           3536  [Ljava.lang.invoke.LambdaForm$Name; (java.base@16.0.2)
 149:            88           3520  com.google.inject.internal.LinkedBindingImpl
 150:           220           3520  java.util.HashSet (java.base@16.0.2)
 151:           220           3520  jdk.internal.reflect.DelegatingConstructorAccessorImpl (java.base@16.0.2)
 152:           145           3480  com.google.common.collect.SingletonImmutableSet
 153:            62           3472  java.io.FileCleanable (java.base@16.0.2)
 154:           144           3456  com.google.inject.internal.DefaultConstructionProxyFactory$ReflectiveProxy
 155:            61           3416  jdk.internal.module.ModuleReferenceImpl (java.base@16.0.2)
 156:           142           3408  java.util.ImmutableCollections$SetN (java.base@16.0.2)
 157:            60           3360  java.util.jar.JarFile (java.base@16.0.2)
 158:           139           3336  org.eclipse.sisu.plexus.ProvidedPropertyBinding
 159:            83           3320  java.util.TreeMap$Entry (java.base@16.0.2)
 160:            82           3280  java.security.ProtectionDomain (java.base@16.0.2)
 161:            81           3240  java.security.CodeSource (java.base@16.0.2)
 162:           101           3232  java.lang.invoke.LambdaForm$NamedFunction (java.base@16.0.2)
 163:           201           3216  jdk.proxy2.$Proxy14 (jdk.proxy2)
 164:           100           3200  org.apache.maven.model.InputLocation
 165:            99           3168  org.eclipse.sisu.plexus.RequirementImpl
 166:            30           3136  [Ljava.lang.invoke.MethodHandle; (java.base@16.0.2)
 167:            56           3136  org.eclipse.aether.repository.RemoteRepository
 168:            97           3104  org.eclipse.sisu.inject.MildElements$Weak
 169:            96           3072  java.lang.invoke.MethodTypeForm (java.base@16.0.2)
 170:            95           3040  org.eclipse.sisu.inject.LocatedBeans
 171:            42           3024  org.apache.maven.model.DistributionManagement
 172:            47           3008  org.apache.maven.model.DeploymentRepository
 173:           125           3000  java.security.Provider$ServiceKey (java.base@16.0.2)
 174:            53           2968  java.security.Provider$Service (java.base@16.0.2)
 175:           157           2944  [Lsun.reflect.generics.tree.TypeArgument; (java.base@16.0.2)
 176:            61           2928  org.apache.maven.model.Reporting
 177:            91           2912  java.util.zip.ZipFile$CleanableResource (java.base@16.0.2)
 178:            60           2880  jdk.internal.loader.URLClassPath$JarLoader (java.base@16.0.2)
 179:           174           2784  java.lang.ref.ReferenceQueue$Lock (java.base@16.0.2)
 180:            85           2720  com.google.inject.internal.FactoryProxy
 181:           113           2712  org.eclipse.aether.repository.RepositoryPolicy
 182:            56           2688  org.apache.maven.model.ReportSet
 183:            67           2680  java.io.FileDescriptor (java.base@16.0.2)
 184:            83           2656  java.lang.invoke.DirectMethodHandle (java.base@16.0.2)
 185:            81           2592  java.util.LinkedList (java.base@16.0.2)
 186:           108           2592  org.eclipse.sisu.plexus.PlexusRequirements$RequirementProvider
 187:           157           2512  sun.reflect.generics.tree.ClassTypeSignature (java.base@16.0.2)
 188:            52           2496  java.lang.StackTraceElement (java.base@16.0.2)
 189:           153           2448  org.eclipse.sisu.bean.BeanPropertyField
 190:            97           2328  java.util.ImmutableCollections$List12 (java.base@16.0.2)
 191:            57           2280  org.apache.maven.model.building.ModelData
 192:            95           2280  org.eclipse.sisu.inject.BeanCache
 193:           141           2256  com.google.inject.Key$AnnotationInstanceStrategy
 194:            94           2256  com.google.inject.internal.SingleParameterInjector
 195:            94           2256  java.util.Collections$SetFromMap (java.base@16.0.2)
 196:            93           2232  java.util.zip.Inflater$InflaterZStreamRef (java.base@16.0.2)
 197:            31           2232  sun.net.www.protocol.jar.URLJarFile (java.base@16.0.2)
 198:            92           2208  java.util.regex.Pattern$BmpCharProperty (java.base@16.0.2)
 199:            44           2112  com.google.inject.internal.InstanceBindingImpl
 200:            66           2112  java.lang.invoke.LambdaForm$Kind (java.base@16.0.2)
 201:            37           2072  org.apache.maven.model.Parent
 202:           128           2048  java.lang.Character (java.base@16.0.2)
 203:            64           2048  org.eclipse.aether.graph.Exclusion
 204:            23           2024  java.util.regex.Pattern (java.base@16.0.2)
 205:            83           1992  java.util.concurrent.CopyOnWriteArrayList (java.base@16.0.2)
 206:            41           1968  org.apache.commons.cli.Option
 207:            49           1960  java.io.FilePermission (java.base@16.0.2)
 208:            48           1920  java.io.ObjectStreamField (java.base@16.0.2)
 209:            60           1920  java.io.RandomAccessFile (java.base@16.0.2)
 210:            60           1920  jdk.internal.loader.BuiltinClassLoader$LoadedModule (java.base@16.0.2)
 211:            57           1824  org.apache.maven.repository.internal.DefaultModelCache$Key
 212:            75           1800  java.util.regex.Pattern$GroupHead (java.base@16.0.2)
 213:            75           1800  java.util.regex.Pattern$GroupTail (java.base@16.0.2)
 214:            45           1800  org.apache.maven.artifact.handler.DefaultArtifactHandler
 215:            74           1776  org.eclipse.sisu.space.WildcardKey$QualifiedImpl
 216:            27           1728  org.apache.maven.model.Repository
 217:            52           1664  org.apache.maven.model.PluginManagement
 218:            67           1608  org.codehaus.plexus.classworlds.realm.Entry
 219:            20           1600  jdk.internal.reflect.DelegatingClassLoader (java.base@16.0.2)
 220:            66           1584  java.security.Provider$UString (java.base@16.0.2)
 221:            33           1584  java.time.temporal.ValueRange (java.base@16.0.2)
 222:            49           1568  com.google.inject.internal.SingleFieldInjector
 223:            28           1568  org.apache.maven.model.Site
 224:            97           1552  java.util.HashMap$EntrySet (java.base@16.0.2)
 225:            12           1536  com.google.common.cache.LocalCache
 226:            32           1536  org.apache.maven.model.RepositoryPolicy
 227:            38           1520  org.apache.maven.artifact.versioning.DefaultArtifactVersion
 228:            38           1520  org.eclipse.aether.internal.impl.collect.DataPool$GoodDescriptor
 229:            62           1488  org.eclipse.sisu.wire.BeanProviders$1
 230:            92           1472  java.util.WeakHashMap$KeySet (java.base@16.0.2)
 231:            61           1464  java.lang.module.ResolvedModule (java.base@16.0.2)
 232:            61           1464  jdk.internal.module.SystemModuleFinders$2 (java.base@16.0.2)
 233:            61           1464  jdk.internal.module.SystemModuleFinders$SystemModuleReader (java.base@16.0.2)
 234:            61           1464  org.eclipse.sisu.plexus.PlexusXmlMetadata
 235:            44           1440  [Lorg.eclipse.sisu.bean.PropertyBinding;
 236:            60           1440  java.util.zip.ZipFile$Source$Key (java.base@16.0.2)
 237:            30           1440  org.apache.maven.model.CiManagement
 238:            89           1424  com.google.inject.name.NamedImpl
 239:            25           1400  org.apache.maven.model.License
 240:            58           1392  java.lang.module.ModuleDescriptor$Provides (java.base@16.0.2)
 241:            87           1392  org.apache.maven.artifact.versioning.ComparableVersion$IntItem
 242:             1           1376  [Ljdk.internal.math.FDBigInteger; (java.base@16.0.2)
 243:            82           1312  [Ljava.security.Principal; (java.base@16.0.2)
 244:            82           1312  java.security.ProtectionDomain$Key (java.base@16.0.2)
 245:            54           1296  jdk.internal.loader.AbstractClassLoaderValue$Sub (java.base@16.0.2)
 246:            54           1296  sun.reflect.generics.factory.CoreReflectionFactory (java.base@16.0.2)
 247:            40           1280  jdk.internal.reflect.NativeMethodAccessorImpl (java.base@16.0.2)
 248:            80           1280  jdk.proxy2.$Proxy5 (jdk.proxy2)
 249:            80           1280  jdk.proxy2.$Proxy7 (jdk.proxy2)
 250:            53           1272  java.security.Permissions (java.base@16.0.2)
 251:            53           1272  java.util.regex.Pattern$$Lambda$21/0x80000002b (java.base@16.0.2)
 252:            53           1272  org.eclipse.sisu.wire.BeanProviders$7
 253:            79           1264  org.eclipse.sisu.wire.EntrySetAdapter
 254:            39           1248  java.lang.invoke.BoundMethodHandle$Species_L (java.base@16.0.2)
 255:            14           1232  org.apache.maven.plugin.descriptor.PluginDescriptor
 256:            30           1200  java.time.temporal.ChronoField (java.base@16.0.2)
 257:            38           1184  [Ljava.math.BigInteger; (java.base@16.0.2)
 258:            49           1176  java.io.FilePermissionCollection (java.base@16.0.2)
 259:            49           1176  org.eclipse.sisu.plexus.ConfigurationImpl
 260:             2           1168  [Lorg.mariadb.jdbc.internal.ColumnType;
 261:            48           1152  java.util.jar.Manifest (java.base@16.0.2)
 262:            28           1120  org.apache.maven.model.ActivationFile
 263:            28           1120  org.mariadb.jdbc.internal.ColumnType
 264:            23           1104  java.util.logging.LogManager$LoggerWeakRef (java.logging@16.0.2)
 265:             1           1096  [Lsun.security.util.KnownOIDs; (java.base@16.0.2)
 266:            68           1088  jdk.proxy2.$Proxy22 (jdk.proxy2)
 267:             2           1080  [Ljava.lang.Integer; (java.base@16.0.2)
 268:            43           1072  [Lorg.eclipse.aether.graph.Exclusion;
 269:             2           1064  [Ljava.lang.Long; (java.base@16.0.2)
 270:            36           1048  [Lcom.google.inject.internal.SingleParameterInjector;
 271:             1           1040  [Ljava.lang.Byte; (java.base@16.0.2)
 272:             1           1040  [Ljava.lang.Short; (java.base@16.0.2)
 273:            26           1040  java.lang.invoke.DirectMethodHandle$Constructor (java.base@16.0.2)
 274:            26           1040  org.apache.maven.model.ActivationProperty
 275:            32           1024  java.util.regex.Pattern$Branch (java.base@16.0.2)
 276:            16           1024  org.apache.maven.model.Notifier
 277:            64           1024  org.eclipse.aether.internal.impl.DefaultUpdatePolicyAnalyzer
 278:             7           1008  [Ljava.lang.invoke.MemberName; (java.base@16.0.2)
 279:            42           1008  sun.reflect.generics.scope.ClassScope (java.base@16.0.2)
 280:            31            992  [Ljava.time.format.DateTimeFormatterBuilder$DateTimePrinterParser; (java.base@16.0.2)
 281:            31            992  java.lang.invoke.VarHandle$AccessMode (java.base@16.0.2)
 282:            31            992  sun.nio.fs.UnixFileKey (java.base@16.0.2)
 283:            41            984  org.apache.maven.artifact.versioning.ComparableVersion$ListItem
 284:            41            984  org.slf4j.impl.MavenSimpleLogger
 285:            30            960  java.security.Provider$EngineDescription (java.base@16.0.2)
 286:            60            960  java.util.concurrent.atomic.AtomicInteger (java.base@16.0.2)
 287:            40            960  org.eclipse.aether.internal.impl.DefaultRemoteRepositoryManager
 288:            60            960  sun.nio.fs.UnixFileAttributes$UnixAsBasicFileAttributes (java.base@16.0.2)
 289:            17            952  org.apache.maven.model.Resource
 290:            59            944  jdk.internal.module.SystemModuleFinders$3 (java.base@16.0.2)
 291:            29            928  jdk.internal.loader.NativeLibraries (java.base@16.0.2)
 292:            23            920  org.apache.maven.model.Organization
 293:            57            912  java.util.regex.Pattern$$Lambda$19/0x800000026 (java.base@16.0.2)
 294:            38            912  org.apache.maven.artifact.versioning.ComparableVersion
 295:            38            912  org.apache.maven.artifact.versioning.VersionRange
 296:            57            912  org.apache.maven.model.building.FileModelSource
 297:            37            888  java.lang.ProcessEnvironment$Value (java.base@16.0.2)
 298:            37            888  java.lang.ProcessEnvironment$Variable (java.base@16.0.2)
 299:            37            888  sun.reflect.generics.reflectiveObjects.ParameterizedTypeImpl (java.base@16.0.2)
 300:            32            864  [Ljava.util.regex.Pattern$Node; (java.base@16.0.2)
 301:             6            864  java.text.DecimalFormat (java.base@16.0.2)
 302:            27            864  org.eclipse.sisu.inject.LazyBeanEntry
 303:            53            848  java.security.SecureClassLoader$CodeSourceKey (java.base@16.0.2)
 304:            21            840  java.security.AccessControlContext (java.base@16.0.2)
 305:            21            840  org.apache.maven.model.IssueManagement
 306:            26            832  sun.reflect.annotation.AnnotationType (java.base@16.0.2)
 307:            25            800  sun.reflect.generics.repository.ClassRepository (java.base@16.0.2)
 308:            49            784  java.util.jar.Attributes (java.base@16.0.2)
 309:            48            768  java.util.concurrent.atomic.AtomicReferenceArray (java.base@16.0.2)
 310:            24            768  java.util.logging.LogManager$LogNode (java.logging@16.0.2)
 311:            32            768  java.util.regex.Pattern$BmpCharPropertyGreedy (java.base@16.0.2)
 312:            24            768  org.apache.maven.model.DependencyManagement
 313:            47            752  java.util.HashMap$KeySet (java.base@16.0.2)
 314:            31            744  java.time.format.DateTimeFormatterBuilder$CompositePrinterParser (java.base@16.0.2)
 315:            46            736  jdk.proxy2.$Proxy8 (jdk.proxy2)
 316:            18            720  com.google.common.cache.LocalCache$WeakEntry
 317:            18            720  java.time.format.DateTimeFormatter (java.base@16.0.2)
 318:            18            720  org.apache.maven.model.Exclusion
 319:            22            704  java.lang.ThreadLocal$ThreadLocalMap$Entry (java.base@16.0.2)
 320:            44            704  java.util.concurrent.ConcurrentHashMap$EntrySetView (java.base@16.0.2)
 321:            44            704  jdk.internal.reflect.DelegatingMethodAccessorImpl (java.base@16.0.2)
 322:            44            704  org.eclipse.sisu.bean.BeanInjector
 323:            37            696  [Lsun.reflect.generics.tree.FormalTypeParameter; (java.base@16.0.2)
 324:            29            696  java.util.regex.Pattern$CharPropertyGreedy (java.base@16.0.2)
 325:            29            696  org.eclipse.sisu.inject.RankedSequence$Content
 326:            17            680  java.lang.invoke.DirectMethodHandle$Accessor (java.base@16.0.2)
 327:            42            672  org.eclipse.aether.graph.Dependency$Exclusions
 328:             5            640  [D (java.base@16.0.2)
 329:            16            640  com.google.common.collect.RegularImmutableSet
 330:            40            640  org.eclipse.aether.internal.impl.DefaultChecksumPolicyProvider
 331:            40            640  org.eclipse.aether.internal.impl.DefaultSyncContextFactory
 332:             3            624  [Ljava.lang.invoke.LambdaForm; (java.base@16.0.2)
 333:            26            624  com.google.inject.spi.TypeConverterBinding
 334:            26            624  java.util.ImmutableCollections$ListN (java.base@16.0.2)
 335:            11            616  sun.util.calendar.ZoneInfo (java.base@16.0.2)
 336:            19            608  java.time.format.DateTimeFormatterBuilder$NumberPrinterParser (java.base@16.0.2)
 337:            25            600  sun.reflect.generics.tree.ClassSignature (java.base@16.0.2)
 338:            37            592  java.util.regex.Pattern$BitClass (java.base@16.0.2)
 339:            37            592  org.eclipse.sisu.inject.RankedSequence
 340:            28            576  [Lsun.reflect.generics.tree.FieldTypeSignature; (java.base@16.0.2)
 341:            18            576  java.util.regex.Pattern$Curly (java.base@16.0.2)
 342:            36            576  jdk.proxy1.$Proxy15 (jdk.proxy1)
 343:            18            576  org.eclipse.sisu.inject.RankedBindings
 344:            18            576  org.fusesource.jansi.Ansi$Attribute
 345:            24            576  org.kohsuke.args4j.OptionHandlerRegistry$DefaultConstructorHandlerFactory
 346:            14            560  java.util.IdentityHashMap (java.base@16.0.2)
 347:             7            560  java.util.concurrent.TimeUnit (java.base@16.0.2)
 348:            10            560  java.util.logging.Logger (java.logging@16.0.2)
 349:            14            560  java.util.regex.Pattern$Loop (java.base@16.0.2)
 350:            10            560  sun.invoke.util.Wrapper (java.base@16.0.2)
 351:            34            544  org.eclipse.aether.internal.impl.DefaultRepositoryEventDispatcher
 352:            25            536  [Lsun.reflect.generics.tree.ClassTypeSignature; (java.base@16.0.2)
 353:             1            528  [Ljava.lang.Character; (java.base@16.0.2)
 354:            11            528  java.lang.invoke.LambdaFormEditor$Transform (java.base@16.0.2)
 355:             6            528  java.text.DecimalFormatSymbols (java.base@16.0.2)
 356:            22            528  java.util.regex.Pattern$SliceI (java.base@16.0.2)
 357:             6            528  org.apache.maven.model.Contributor
 358:            22            528  org.eclipse.sisu.plexus.PlexusLifecycleManager$2
 359:            13            520  java.lang.invoke.VarHandleReferences$FieldInstanceReadWrite (java.base@16.0.2)
 360:            13            520  org.apache.maven.plugin.DefaultPluginDescriptorCache$CacheKey
 361:             8            512  java.nio.DirectByteBuffer (java.base@16.0.2)
 362:            16            512  java.time.temporal.ChronoUnit (java.base@16.0.2)
 363:            32            512  java.util.regex.Pattern$BranchConn (java.base@16.0.2)
 364:            17            504  [Ljava.io.ObjectStreamField; (java.base@16.0.2)
 365:            15            504  [Ljava.lang.annotation.ElementType; (java.base@16.0.2)
 366:            21            504  com.google.inject.Key$AnnotationTypeStrategy
 367:            21            504  java.util.AbstractMap$SimpleImmutableEntry (java.base@16.0.2)
 368:             7            496  [Lsun.invoke.util.Wrapper; (java.base@16.0.2)
 369:            12            480  java.lang.OutOfMemoryError (java.base@16.0.2)
 370:            12            480  java.lang.WeakPairMap$Pair$Weak (java.base@16.0.2)
 371:            29            464  java.util.regex.Pattern$CharPredicate$$Lambda$23/0x80000002e (java.base@16.0.2)
 372:            19            456  com.google.inject.spi.ModuleSource
 373:            19            456  java.time.Duration (java.base@16.0.2)
 374:            19            456  org.eclipse.aether.RepositoryEvent$EventType
 375:             4            448  java.util.GregorianCalendar (java.base@16.0.2)
 376:            11            440  java.lang.invoke.BoundMethodHandle$Species_LL (java.base@16.0.2)
 377:            11            440  java.util.logging.Logger$ConfigurationData (java.logging@16.0.2)
 378:             1            432  [[[C (java.base@16.0.2)
 379:            18            432  java.text.DateFormat$Field (java.base@16.0.2)
 380:            18            432  java.util.regex.Pattern$BmpCharPredicate$$Lambda$22/0x80000002c (java.base@16.0.2)
 381:            27            432  org.apache.maven.cli.logging.Slf4jLogger
 382:            27            432  org.eclipse.sisu.inject.LazyBeanEntry$JsrNamed
 383:            18            432  org.eclipse.sisu.inject.MildElements
 384:            18            432  sun.reflect.generics.repository.FieldRepository (java.base@16.0.2)
 385:            26            416  java.util.LinkedHashMap$LinkedEntrySet (java.base@16.0.2)
 386:            13            416  sun.security.jca.ProviderConfig (java.base@16.0.2)
 387:            17            408  org.apache.maven.execution.ExecutionEvent$Type
 388:            17            408  org.eclipse.sisu.plexus.PlexusConfigurations$ConfigurationProvider
 389:            17            408  sun.nio.ch.OptionKey (java.base@16.0.2)
 390:            17            408  sun.nio.ch.SocketOptionRegistry$RegistryKey (java.base@16.0.2)
 391:             1            400  [Lorg.mariadb.jdbc.util.DefaultOptions;
 392:             9            392  [Ljava.lang.invoke.MethodType; (java.base@16.0.2)
 393:             7            392  org.eclipse.aether.internal.impl.DefaultRepositorySystem
 394:            12            384  [Lcom.google.common.cache.LocalCache$Segment;
 395:             4            384  [Ljava.lang.ThreadLocal$ThreadLocalMap$Entry; (java.base@16.0.2)
 396:            12            384  java.lang.WeakPairMap$Pair$Weak$1 (java.base@16.0.2)
 397:            16            384  java.lang.invoke.Invokers (java.base@16.0.2)
 398:             6            384  java.text.DateFormatSymbols (java.base@16.0.2)
 399:             8            384  java.util.TreeMap (java.base@16.0.2)
 400:            16            384  java.util.regex.Pattern$CharProperty (java.base@16.0.2)
 401:             3            384  org.codehaus.plexus.classworlds.realm.ClassRealm
 402:             8            384  org.eclipse.aether.internal.impl.DefaultArtifactResolver
 403:            24            384  org.eclipse.aether.internal.impl.DefaultOfflineController
 404:            24            384  org.eclipse.aether.internal.impl.DefaultRepositoryConnectorProvider
 405:            24            384  org.eclipse.aether.internal.impl.DefaultUpdateCheckManager
 406:             8            384  org.kohsuke.args4j.NamedOptionDef
 407:            12            384  sun.reflect.generics.reflectiveObjects.TypeVariableImpl (java.base@16.0.2)
 408:            16            384  sun.reflect.generics.tree.FormalTypeParameter (java.base@16.0.2)
 409:            12            384  sun.reflect.generics.tree.MethodTypeSignature (java.base@16.0.2)
 410:             4            384  sun.util.calendar.Gregorian$Date (java.base@16.0.2)
 411:             1            376  java.lang.ref.Finalizer$FinalizerThread (java.base@16.0.2)
 412:             1            376  java.util.logging.LogManager$Cleaner (java.logging@16.0.2)
 413:             1            376  jdk.internal.misc.InnocuousThread (java.base@16.0.2)
 414:            23            368  com.google.inject.internal.ConstantFactory
 415:             1            368  java.lang.ref.Reference$ReferenceHandler (java.base@16.0.2)
 416:             1            368  org.apache.maven.shared.utils.logging.MessageUtils$1
 417:            15            360  java.lang.RuntimePermission (java.base@16.0.2)
 418:             9            360  java.lang.invoke.VarHandle$AccessDescriptor (java.base@16.0.2)
 419:             9            360  org.eclipse.aether.internal.impl.DefaultMetadataResolver
 420:            22            352  org.eclipse.aether.internal.impl.DefaultFileProcessor
 421:            11            352  org.eclipse.sisu.inject.MildKeys$Weak
 422:            14            336  com.google.inject.internal.TypeConverterBindingProcessor$5
 423:             7            336  java.lang.invoke.BoundMethodHandle$SpeciesData (java.base@16.0.2)
 424:             6            336  java.nio.DirectLongBufferU (java.base@16.0.2)
 425:            14            336  java.util.regex.Pattern$Prolog (java.base@16.0.2)
 426:            14            336  org.apache.maven.model.InputSource
 427:             7            336  org.eclipse.aether.internal.impl.DefaultDeployer
 428:             2            328  [Lcom.google.inject.Binding;
 429:            12            328  [Lsun.reflect.generics.tree.TypeSignature; (java.base@16.0.2)
 430:            20            320  java.time.format.DateTimeFormatterBuilder$CharLiteralPrinterParser (java.base@16.0.2)
 431:            10            320  java.util.Hashtable$Entry (java.base@16.0.2)
 432:            18            288  com.google.inject.internal.TypeConverterBindingProcessor$6
 433:            12            288  com.google.inject.spi.ProviderLookup
 434:            12            288  java.lang.annotation.ElementType (java.base@16.0.2)
 435:            12            288  java.net.StandardSocketOptions$StdSocketOption (java.base@16.0.2)
 436:             9            288  java.util.logging.Level (java.logging@16.0.2)
 437:             9            288  java.util.logging.Level$KnownLevel (java.logging@16.0.2)
 438:             9            288  jdk.internal.org.objectweb.asm.Type (java.base@16.0.2)
 439:             9            288  org.apache.maven.shared.utils.logging.Style
 440:             9            288  org.fusesource.jansi.Ansi$Color
 441:             6            288  sun.nio.cs.UTF_8$Encoder (java.base@16.0.2)
 442:             9            288  sun.reflect.generics.repository.ConstructorRepository (java.base@16.0.2)
 443:             7            280  [Ljava.lang.invoke.BoundMethodHandle$SpeciesData; (java.base@16.0.2)
 444:             1            280  [Ljava.lang.invoke.LambdaForm$Kind; (java.base@16.0.2)
 445:             5            280  [Ljava.text.Format; (java.base@16.0.2)
 446:             5            280  java.nio.HeapByteBuffer (java.base@16.0.2)
 447:             7            280  jdk.internal.loader.NativeLibraries$NativeLibraryImpl (java.base@16.0.2)
 448:             5            280  org.apache.maven.artifact.repository.MavenArtifactRepository
 449:            17            272  jdk.proxy1.$Proxy0 (jdk.proxy1)
 450:            11            264  java.lang.NamedPackage (java.base@16.0.2)
 451:            11            264  java.lang.invoke.MethodHandleImpl$Intrinsic (java.base@16.0.2)
 452:            11            264  java.util.regex.Pattern$Slice (java.base@16.0.2)
 453:            11            264  org.apache.maven.lifecycle.mapping.LifecycleMojo
 454:            11            264  org.eclipse.sisu.wire.EntryMapAdapter
 455:             1            264  org.mariadb.jdbc.util.Options
 456:            16            256  com.google.inject.matcher.Matchers$IdenticalTo
 457:             8            256  java.lang.reflect.ProxyGenerator$PrimitiveTypeInfo (java.base@16.0.2)
 458:             4            256  java.text.SimpleDateFormat (java.base@16.0.2)
 459:            16            256  jdk.internal.reflect.BootstrapConstructorAccessorImpl (java.base@16.0.2)
 460:             8            256  jdk.internal.reflect.UnsafeBooleanFieldAccessorImpl (java.base@16.0.2)
 461:             8            256  org.apache.maven.model.Prerequisites
 462:            16            256  sun.reflect.generics.tree.TypeVariableSignature (java.base@16.0.2)
 463:            10            240  [Ljava.lang.reflect.TypeVariable; (java.base@16.0.2)
 464:             8            240  [Ljava.security.ProtectionDomain; (java.base@16.0.2)
 465:            15            240  java.lang.ThreadLocal (java.base@16.0.2)
 466:            10            240  java.nio.charset.CoderResult (java.base@16.0.2)
 467:            10            240  java.nio.file.StandardOpenOption (java.base@16.0.2)
 468:             6            240  java.text.DigitList (java.base@16.0.2)
 469:            10            240  org.apache.maven.artifact.repository.ArtifactRepositoryPolicy
 470:             5            240  org.apache.maven.model.Extension
 471:            10            240  org.eclipse.sisu.plexus.PlexusRequirements$RequirementMapProvider
 472:             6            240  sun.util.locale.provider.LocaleResources$ResourceReference (java.base@16.0.2)
 473:             6            240  sun.util.resources.Bundles$BundleReference (java.base@16.0.2)
 474:             5            232  [Ljava.lang.invoke.LambdaForm$NamedFunction; (java.base@16.0.2)
 475:             7            224  java.util.Collections$SynchronizedMap (java.base@16.0.2)
 476:            14            224  java.util.Collections$UnmodifiableSet (java.base@16.0.2)
 477:             7            224  org.eclipse.aether.internal.impl.DefaultInstaller
 478:            14            224  org.eclipse.sisu.plexus.DefaultPlexusBeans
 479:            14            224  org.eclipse.sisu.plexus.RealmFilteredBeans
 480:             9            216  java.util.Arrays$ArrayList (java.base@16.0.2)
 481:             9            216  java.util.Collections$UnmodifiableRandomAccessList (java.base@16.0.2)
 482:             9            216  java.util.concurrent.atomic.AtomicLong (java.base@16.0.2)
 483:             9            216  sun.reflect.generics.scope.ConstructorScope (java.base@16.0.2)
 484:             3            216  sun.security.provider.NativePRNG$RandomIO (java.base@16.0.2)
 485:            13            208  jdk.proxy1.$Proxy2 (jdk.proxy1)
 486:             2            200  [Ljava.text.DateFormat$Field; (java.base@16.0.2)
 487:             5            200  java.text.MessageFormat (java.base@16.0.2)
 488:             5            200  java.util.EnumMap (java.base@16.0.2)
 489:             5            200  java.util.stream.StreamOpFlag (java.base@16.0.2)
 490:             5            200  jdk.internal.loader.URLClassPath (java.base@16.0.2)
 491:             4            192  [Ljava.util.Hashtable$Entry; (java.base@16.0.2)
 492:            12            192  com.google.inject.spi.ProviderLookup$1
 493:             8            192  com.google.inject.spi.ScopeBinding
 494:             4            192  java.lang.ThreadGroup (java.base@16.0.2)
 495:             6            192  java.lang.invoke.LambdaForm$BasicType (java.base@16.0.2)
 496:             8            192  java.math.RoundingMode (java.base@16.0.2)
 497:             6            192  java.net.InetAddress$InetAddressHolder (java.base@16.0.2)
 498:             8            192  java.net.NetPermission (java.base@16.0.2)
 499:             3            192  java.nio.DirectByteBufferR (java.base@16.0.2)
 500:             6            192  java.time.format.TextStyle (java.base@16.0.2)
 501:             4            192  java.util.Hashtable (java.base@16.0.2)
 502:             6            192  java.util.ImmutableCollections$MapN (java.base@16.0.2)
 503:             8            192  java.util.regex.Pattern$Dollar (java.base@16.0.2)
 504:             8            192  org.kohsuke.args4j.spi.FieldSetter
 505:             4            192  sun.nio.cs.StreamEncoder (java.base@16.0.2)
 506:             6            192  sun.util.resources.Bundles$CacheKey (java.base@16.0.2)
 507:             1            184  org.apache.maven.execution.DefaultMavenExecutionRequest
 508:            11            176  org.apache.maven.lifecycle.mapping.LifecyclePhase
 509:             1            176  org.apache.maven.project.MavenProject
 510:            11            176  org.eclipse.sisu.wire.EntryMapAdapter$EntrySet
 511:             2            168  [Ljava.lang.ClassValue$Entry; (java.base@16.0.2)
 512:             1            168  [[Ljava.math.BigInteger; (java.base@16.0.2)
 513:             7            168  java.lang.invoke.VarForm (java.base@16.0.2)
 514:             7            168  java.util.regex.Pattern$StartS (java.base@16.0.2)
 515:             7            168  org.eclipse.aether.internal.impl.collect.DefaultDependencyCollector
 516:            10            160  com.google.common.cache.LocalCache$LocalLoadingCache
 517:             4            160  java.io.BufferedWriter (java.base@16.0.2)
 518:             5            160  java.lang.ClassValue$Entry (java.base@16.0.2)
 519:             4            160  java.lang.invoke.DirectMethodHandle$Interface (java.base@16.0.2)
 520:             4            160  java.lang.invoke.MethodHandleImpl$AsVarargsCollector (java.base@16.0.2)
 521:             5            160  java.lang.invoke.MethodHandles$Lookup (java.base@16.0.2)
 522:             5            160  java.lang.invoke.VarHandle$AccessType (java.base@16.0.2)
 523:            10            160  java.util.Formatter$Flags (java.base@16.0.2)
 524:             5            160  java.util.RegularEnumSet (java.base@16.0.2)
 525:            10            160  jdk.proxy1.$Proxy3 (jdk.proxy1)
 526:             2            160  org.fusesource.jansi.io.AnsiOutputStream
 527:             1            160  org.mariadb.jdbc.internal.protocol.MasterProtocol
 528:             5            160  sun.util.locale.provider.LocaleProviderAdapter$Type (java.base@16.0.2)
 529:             2            152  [[Ljava.lang.String; (java.base@16.0.2)
 530:             4            144  [Ljava.lang.Thread; (java.base@16.0.2)
 531:             1            144  [Ljava.lang.invoke.VarHandle$AccessMode; (java.base@16.0.2)
 532:             6            144  Experiment
 533:             6            144  java.lang.module.ModuleDescriptor$Requires$Modifier (java.base@16.0.2)
 534:             3            144  java.time.temporal.JulianFields$Field (java.base@16.0.2)
 535:             9            144  java.util.LinkedHashSet (java.base@16.0.2)
 536:             2            144  java.util.concurrent.ThreadPoolExecutor (java.base@16.0.2)
 537:             6            144  java.util.concurrent.locks.AbstractQueuedSynchronizer$ConditionObject (java.base@16.0.2)
 538:             9            144  java.util.regex.Pattern$Begin (java.base@16.0.2)
 539:             6            144  jdk.internal.perf.PerfCounter (java.base@16.0.2)
 540:             6            144  jdk.net.ExtendedSocketOptions$ExtSocketOption (jdk.net@16.0.2)
 541:             2            144  org.apache.maven.execution.MavenSession
 542:             6            144  org.eclipse.sisu.wire.BeanProviders$4
 543:             1            136  [Ljava.time.temporal.ChronoField; (java.base@16.0.2)
 544:             2            128  com.google.common.collect.CompactHashMap
 545:             4            128  java.io.FileInputStream (java.base@16.0.2)
 546:             4            128  java.io.FileOutputStream (java.base@16.0.2)
 547:             4            128  java.util.ArrayList$Itr (java.base@16.0.2)
 548:             4            128  java.util.stream.FindOps$FindOp (java.base@16.0.2)
 549:             8            128  jdk.proxy3.$Proxy25 (jdk.proxy3)
 550:             8            128  org.eclipse.sisu.bean.BeanPropertySetter
 551:             3            120  [Ljava.lang.invoke.LambdaForm$BasicType; (java.base@16.0.2)
 552:             3            120  [Ljava.net.URL; (java.base@16.0.2)
 553:             3            120  java.lang.reflect.ProxyGenerator$ProxyMethod (java.base@16.0.2)
 554:             5            120  java.time.format.SignStyle (java.base@16.0.2)
 555:             5            120  java.util.Date (java.base@16.0.2)
 556:             5            120  java.util.regex.Pattern$Start (java.base@16.0.2)
 557:             5            120  java.util.stream.StreamOpFlag$Type (java.base@16.0.2)
 558:             5            120  jdk.internal.math.FloatingDecimal$PreparedASCIIToBinaryBuffer (java.base@16.0.2)
 559:             1            120  org.codehaus.mojo.exec.ExecJavaMojo
 560:             1            120  org.eclipse.aether.DefaultRepositorySystemSession
 561:             5            120  org.eclipse.sisu.inject.DescriptionSource
 562:             5            120  org.eclipse.sisu.space.BeanScanning
 563:             5            120  org.eclipse.sisu.wire.EntryListAdapter
 564:             5            120  org.fusesource.jansi.AnsiType
 565:             5            120  org.mariadb.jdbc.internal.util.constant.HaMode
 566:             5            120  org.slf4j.impl.OutputChoice$OutputChoiceType
 567:             3            120  sun.reflect.generics.repository.MethodRepository (java.base@16.0.2)
 568:             1            112  [Lorg.codehaus.plexus.component.configurator.converters.ConfigurationConverter;
 569:             2            112  com.google.inject.internal.InheritingState
 570:             2            112  com.google.inject.internal.InjectorImpl
 571:             7            112  com.google.inject.internal.Scoping$7
 572:             7            112  com.google.inject.util.Providers$ConstantProvider
 573:             2            112  java.nio.DirectIntBufferRU (java.base@16.0.2)
 574:             7            112  java.util.LinkedHashMap$LinkedKeySet (java.base@16.0.2)
 575:             7            112  java.util.TreeSet (java.base@16.0.2)
 576:             7            112  org.eclipse.aether.internal.impl.DefaultLocalRepositoryProvider
 577:             1            104  jdk.internal.loader.ClassLoaders$AppClassLoader (java.base@16.0.2)
 578:             1            104  jdk.internal.loader.ClassLoaders$BootClassLoader (java.base@16.0.2)
 579:             1            104  jdk.internal.loader.ClassLoaders$PlatformClassLoader (java.base@16.0.2)
 580:             1            104  sun.security.jca.ProviderList$1 (java.base@16.0.2)
 581:             1            104  sun.security.provider.Sun (java.base@16.0.2)
 582:             2             96  [Lcom.google.common.cache.LocalCache$EntryFactory;
 583:             1             96  [Lorg.eclipse.aether.RepositoryEvent$EventType;
 584:             1             96  [Lsun.util.locale.BaseLocale; (java.base@16.0.2)
 585:             2             96  com.google.common.collect.ArrayListMultimap
 586:             4             96  com.google.inject.internal.Initializer$InjectableReferenceState
 587:             2             96  com.google.inject.internal.LinkedProviderBindingImpl
 588:             4             96  java.io.OutputStreamWriter (java.base@16.0.2)
 589:             4             96  java.lang.Double (java.base@16.0.2)
 590:             3             96  java.lang.Runtime$Version (java.base@16.0.2)
 591:             4             96  java.lang.ThreadLocal$ThreadLocalMap (java.base@16.0.2)
 592:             3             96  java.lang.invoke.SimpleMethodHandle (java.base@16.0.2)
 593:             4             96  java.lang.module.ModuleDescriptor$Modifier (java.base@16.0.2)
 594:             4             96  java.lang.module.ModuleDescriptor$Opens (java.base@16.0.2)
 595:             3             96  java.net.Inet6Address$Inet6AddressHolder (java.base@16.0.2)
 596:             1             96  java.net.URLClassLoader (java.base@16.0.2)
 597:             4             96  java.text.Normalizer$Form (java.base@16.0.2)
 598:             4             96  java.time.format.DateTimeFormatterBuilder$OffsetIdPrinterParser (java.base@16.0.2)
 599:             4             96  java.time.format.DateTimeFormatterBuilder$SettingsParser (java.base@16.0.2)
 600:             4             96  java.util.Collections$SynchronizedSet (java.base@16.0.2)
 601:             6             96  java.util.Collections$UnmodifiableMap$UnmodifiableEntrySet (java.base@16.0.2)
 602:             6             96  java.util.concurrent.ConcurrentHashMap$ValuesView (java.base@16.0.2)
 603:             2             96  java.util.concurrent.LinkedBlockingQueue (java.base@16.0.2)
 604:             4             96  java.util.regex.Pattern$CharPredicate$$Lambda$13/0x0000000800c52d88 (java.base@16.0.2)
 605:             4             96  java.util.regex.Pattern$Qtype (java.base@16.0.2)
 606:             4             96  java.util.stream.StreamShape (java.base@16.0.2)
 607:             1             96  jdk.internal.jimage.ImageReader$SharedImageReader (java.base@16.0.2)
 608:             6             96  jdk.internal.loader.ClassLoaderValue (java.base@16.0.2)
 609:             4             96  jdk.internal.logger.BootstrapLogger$LoggingBackend (java.base@16.0.2)
 610:             4             96  org.apache.maven.classrealm.ClassRealmRequest$RealmType
 611:             4             96  org.apache.maven.execution.scope.internal.MojoExecutionScope$2
 612:             4             96  org.apache.maven.model.building.ModelProblem$Version
 613:             4             96  org.eclipse.sisu.plexus.PlexusRequirements$RequirementListProvider
 614:             3             96  org.eclipse.sisu.wire.PlaceholderBeanProvider
 615:             4             96  org.kohsuke.args4j.spi.StringOptionHandler
 616:             3             96  org.mariadb.jdbc.internal.util.exceptions.ExceptionFactory
 617:             3             96  sun.net.spi.DefaultProxySelector$NonProxyInfo (java.base@16.0.2)
 618:             4             96  sun.security.util.LazyCodeSourcePermissionCollection (java.base@16.0.2)
 619:             3             96  sun.util.locale.provider.LocaleResources (java.base@16.0.2)
 620:             1             88  [Lorg.apache.maven.execution.ExecutionEvent$Type;
 621:             1             88  [Lorg.fusesource.jansi.Ansi$Attribute;
 622:             2             88  [Lsun.security.jca.ProviderConfig; (java.base@16.0.2)
 623:             1             88  org.codehaus.plexus.DefaultPlexusContainer
 624:             1             88  org.eclipse.sisu.space.CloningClassSpace$CloningClassLoader
 625:             2             80  [F (java.base@16.0.2)
 626:             2             80  [LExperiment;
 627:             2             80  [Ljava.lang.OutOfMemoryError; (java.base@16.0.2)
 628:             1             80  [Ljava.time.temporal.ChronoUnit; (java.base@16.0.2)
 629:             2             80  [Ljava.util.stream.StreamOpFlag$Type; (java.base@16.0.2)
 630:             1             80  com.google.common.collect.CompactLinkedHashMap
 631:             2             80  com.google.common.collect.RegularImmutableMap
 632:             5             80  com.sun.proxy.jdk.proxy1.$Proxy26 (jdk.proxy1)
 633:             2             80  java.io.PrintStream (java.base@16.0.2)
 634:             2             80  java.lang.ModuleLayer (java.base@16.0.2)
 635:             2             80  java.lang.invoke.VarHandleInts$FieldInstanceReadWrite (java.base@16.0.2)
 636:             2             80  java.lang.module.Configuration (java.base@16.0.2)
 637:             2             80  java.util.Collections$SingletonMap (java.base@16.0.2)
 638:             5             80  java.util.HashMap$Values (java.base@16.0.2)
 639:             2             80  java.util.Locale$Category (java.base@16.0.2)
 640:             5             80  java.util.TreeMap$KeySet (java.base@16.0.2)
 641:             1             80  jdk.internal.icu.impl.NormalizerImpl (java.base@16.0.2)
 642:             2             80  jdk.internal.math.FloatingDecimal$BinaryToASCIIBuffer (java.base@16.0.2)
 643:             1             80  org.apache.maven.model.building.DefaultModelBuilder
 644:             2             80  org.fusesource.jansi.AnsiPrintStream
 645:             1             80  org.mariadb.jdbc.internal.io.output.StandardPacketOutputStream
 646:             1             80  sun.nio.ch.NioSocketImpl (java.base@16.0.2)
 647:             1             80  sun.util.cldr.CLDRLocaleProviderAdapter (java.base@16.0.2)
 648:             3             72  com.google.inject.Stage
 649:             3             72  com.google.inject.internal.InjectorImpl$JitLimitation
 650:             3             72  com.google.inject.internal.InternalFlags$IncludeStackTraceOption
 651:             3             72  com.google.inject.internal.InternalFlags$NullableProvidesOption
 652:             3             72  com.google.inject.internal.SingleMethodInjector
 653:             3             72  com.google.inject.internal.SingleMethodInjector$1
 654:             3             72  com.google.inject.spi.InjectionPoint$Position
 655:             3             72  java.lang.ClassValue$Version (java.base@16.0.2)
 656:             3             72  java.lang.WeakPairMap (java.base@16.0.2)
 657:             3             72  java.lang.annotation.RetentionPolicy (java.base@16.0.2)
 658:             3             72  java.net.Inet4Address (java.base@16.0.2)
 659:             3             72  java.net.Inet6Address (java.base@16.0.2)
 660:             3             72  java.net.Proxy$Type (java.base@16.0.2)
 661:             3             72  java.net.StandardProtocolFamily (java.base@16.0.2)
 662:             3             72  java.security.SecurityPermission (java.base@16.0.2)
 663:             3             72  java.time.format.DateTimeFormatterBuilder$ZoneIdPrinterParser (java.base@16.0.2)
 664:             3             72  java.time.format.ResolverStyle (java.base@16.0.2)
 665:             3             72  java.util.stream.Collector$Characteristics (java.base@16.0.2)
 666:             3             72  jdk.internal.icu.util.CodePointTrie$ValueWidth (java.base@16.0.2)
 667:             3             72  jdk.internal.math.FloatingDecimal$ExceptionalBinaryToASCIIBuffer (java.base@16.0.2)
 668:             3             72  jdk.internal.misc.Signal (java.base@16.0.2)
 669:             1             72  org.apache.maven.execution.SettingsAdapter
 670:             3             72  org.apache.maven.model.building.ModelProblem$Severity
 671:             1             72  org.apache.maven.project.DefaultProjectBuildingRequest
 672:             3             72  org.apache.maven.session.scope.internal.SessionScope$2
 673:             3             72  org.apache.maven.settings.building.SettingsProblem$Severity
 674:             3             72  org.eclipse.aether.metadata.Metadata$Nature
 675:             3             72  org.eclipse.sisu.space.LoadedClass
 676:             3             72  org.eclipse.sisu.wire.BeanProviders$3
 677:             3             72  org.fusesource.jansi.AnsiColors
 678:             3             72  org.fusesource.jansi.AnsiMode
 679:             3             72  sun.reflect.generics.scope.MethodScope (java.base@16.0.2)
 680:             3             72  sun.security.provider.NativePRNG$Variant (java.base@16.0.2)
 681:             2             64  [Ljava.lang.ThreadGroup; (java.base@16.0.2)
 682:             2             64  [Ljava.lang.annotation.RetentionPolicy; (java.base@16.0.2)
 683:             2             64  [Ljava.lang.invoke.LambdaFormEditor$Transform; (java.base@16.0.2)
 684:             1             64  [Ljava.lang.invoke.MethodHandleImpl$Intrinsic; (java.base@16.0.2)
 685:             2             64  [Ljava.nio.charset.CoderResult; (java.base@16.0.2)
 686:             2             64  [Ljava.util.stream.Collector$Characteristics; (java.base@16.0.2)
 687:             2             64  [Lorg.apache.maven.model.building.ModelProblem$Severity;
 688:             2             64  [Lsun.nio.fs.NativeBuffer; (java.base@16.0.2)
 689:             1             64  com.google.common.cache.CacheStats
 690:             4             64  com.google.inject.internal.FailableCache$1
 691:             4             64  com.google.inject.matcher.Matchers$Only
 692:             2             64  java.io.BufferedOutputStream (java.base@16.0.2)
 693:             1             64  java.lang.ClassValue$ClassValueMap (java.base@16.0.2)
 694:             4             64  java.lang.Float (java.base@16.0.2)
 695:             2             64  java.lang.ref.ReferenceQueue$Null (java.base@16.0.2)
 696:             1             64  java.net.SocksSocketImpl (java.base@16.0.2)
 697:             1             64  java.security.SecureRandom (java.base@16.0.2)
 698:             2             64  java.time.format.DateTimeFormatterBuilder$TextPrinterParser (java.base@16.0.2)
 699:             2             64  java.time.temporal.IsoFields$Unit (java.base@16.0.2)
 700:             1             64  java.util.logging.LogManager$RootLogger (java.logging@16.0.2)
 701:             2             64  java.util.regex.Pattern$BnM (java.base@16.0.2)
 702:             4             64  jdk.internal.module.ServicesCatalog (java.base@16.0.2)
 703:             2             64  jdk.internal.reflect.UnsafeLongFieldAccessorImpl (java.base@16.0.2)
 704:             4             64  jdk.proxy2.$Proxy23 (jdk.proxy2)
 705:             4             64  jdk.proxy2.$Proxy4 (jdk.proxy2)
 706:             1             64  org.apache.maven.cli.MavenCli
 707:             2             64  org.apache.maven.model.merge.ModelMerger$MergingList
 708:             1             64  org.apache.maven.plugin.internal.DefaultMavenPluginManager
 709:             2             64  org.eclipse.sisu.inject.MildConcurrentKeys
 710:             2             64  org.eclipse.sisu.wire.MergedProperties
 711:             2             64  org.fusesource.jansi.io.FastBufferedOutputStream
 712:             2             64  sun.nio.fs.NativeBuffer (java.base@16.0.2)
 713:             2             64  sun.security.provider.FileInputStreamPool$StreamRef (java.base@16.0.2)
 714:             1             64  sun.security.provider.SHA2$SHA256 (java.base@16.0.2)
 715:             1             56  [Ljava.lang.Runnable; (java.base@16.0.2)
 716:             1             56  [Ljava.nio.file.StandardOpenOption; (java.base@16.0.2)
 717:             1             56  [Ljava.util.logging.Level; (java.logging@16.0.2)
 718:             1             56  [Lorg.apache.maven.shared.utils.logging.Style;
 719:             2             56  [Lorg.eclipse.sisu.plexus.PlexusBeanSource;
 720:             1             56  [Lorg.fusesource.jansi.Ansi$Color;
 721:             1             56  [[I (java.base@16.0.2)
 722:             1             56  java.lang.invoke.BoundMethodHandle$Specializer (java.base@16.0.2)
 723:             1             56  java.net.SocketPermission (java.base@16.0.2)
 724:             1             56  java.util.logging.LogManager (java.logging@16.0.2)
 725:             1             56  jdk.internal.org.objectweb.asm.Label (java.base@16.0.2)
 726:             1             56  org.apache.maven.project.artifact.DefaultProjectArtifactsCache$CacheKey
 727:             1             56  org.codehaus.mojo.exec.ExecJavaMojo$IsolatedThreadGroup
 728:             1             56  org.eclipse.aether.resolution.ArtifactDescriptorResult
 729:             1             56  org.mariadb.jdbc.MariaDbConnection
 730:             1             56  org.mariadb.jdbc.internal.io.input.StandardPacketInputStream
 731:             3             48  [Ljava.lang.StackTraceElement; (java.base@16.0.2)
 732:             3             48  [Ljava.lang.annotation.Annotation; (java.base@16.0.2)
 733:             1             48  [Ljava.math.RoundingMode; (java.base@16.0.2)
 734:             2             48  [Ljava.util.Map; (java.base@16.0.2)
 735:             1             48  [Ljava.util.concurrent.TimeUnit; (java.base@16.0.2)
 736:             1             48  Main
 737:             1             48  com.google.common.collect.EmptyImmutableListMultimap
 738:             1             48  com.google.common.collect.LinkedHashMultimap
 739:             1             48  com.google.common.collect.LinkedHashMultimap$ValueEntry
 740:             2             48  com.google.inject.internal.Annotations$AnnotationChecker
 741:             2             48  com.google.inject.internal.ConstructorInjectorStore
 742:             2             48  com.google.inject.internal.ConstructorInjectorStore$1
 743:             3             48  com.google.inject.internal.CycleDetectingLock$CycleDetectingLockFactory
 744:             2             48  com.google.inject.internal.InjectorImpl$InjectorOptions
 745:             2             48  com.google.inject.internal.InternalFlags$CustomClassLoadingOption
 746:             2             48  com.google.inject.internal.MembersInjectorStore
 747:             2             48  com.google.inject.internal.MembersInjectorStore$1
 748:             2             48  com.google.inject.internal.ProvisionListenerCallbackStore
 749:             2             48  com.google.inject.internal.WeakKeySet
 750:             2             48  com.google.inject.spi.ProvisionListenerBinding
 751:             2             48  com.google.inject.spi.TypeListenerBinding
 752:             2             48  java.io.File$PathStatus (java.base@16.0.2)
 753:             3             48  java.lang.ClassValue$Identity (java.base@16.0.2)
 754:             1             48  java.lang.NullPointerException (java.base@16.0.2)
 755:             1             48  java.lang.ProcessHandleImpl (java.base@16.0.2)
 756:             2             48  java.lang.StringCoding$Result (java.base@16.0.2)
 757:             1             48  java.lang.invoke.BoundMethodHandle$Specializer$Factory (java.base@16.0.2)
 758:             1             48  java.lang.invoke.BoundMethodHandle$Species_LLLLL (java.base@16.0.2)
 759:             2             48  java.lang.invoke.MethodHandles$Lookup$ClassOption (java.base@16.0.2)
 760:             2             48  java.lang.reflect.ReflectPermission (java.base@16.0.2)
 761:             3             48  java.nio.charset.CodingErrorAction (java.base@16.0.2)
 762:             2             48  java.sql.SQLPermission (java.sql@16.0.2)
 763:             3             48  java.text.AttributedCharacterIterator$Attribute (java.base@16.0.2)
 764:             2             48  java.time.format.DateTimeFormatterBuilder$1 (java.base@16.0.2)
 765:             2             48  java.time.format.DateTimeTextProvider$LocaleStore (java.base@16.0.2)
 766:             3             48  java.util.ResourceBundle$NoFallbackControl (java.base@16.0.2)
 767:             2             48  java.util.concurrent.ConcurrentHashMap$KeySetView (java.base@16.0.2)
 768:             2             48  java.util.concurrent.ConcurrentLinkedQueue (java.base@16.0.2)
 769:             2             48  java.util.concurrent.ConcurrentLinkedQueue$Node (java.base@16.0.2)
 770:             1             48  java.util.concurrent.ConcurrentSkipListMap (java.base@16.0.2)
 771:             2             48  java.util.concurrent.ConcurrentSkipListMap$Node (java.base@16.0.2)
 772:             2             48  java.util.concurrent.LinkedBlockingQueue$Node (java.base@16.0.2)
 773:             2             48  java.util.logging.Logger$LoggerBundle (java.logging@16.0.2)
 774:             2             48  java.util.logging.LoggingPermission (java.logging@16.0.2)
 775:             2             48  java.util.regex.Pattern$$Lambda$46/0x0000000800c7cac8 (java.base@16.0.2)
 776:             2             48  java.util.regex.Pattern$Ques (java.base@16.0.2)
 777:             1             48  jdk.internal.icu.util.CodePointTrie$Fast16 (java.base@16.0.2)
 778:             2             48  jdk.internal.icu.util.CodePointTrie$Type (java.base@16.0.2)
 779:             1             48  jdk.internal.jimage.ImageHeader (java.base@16.0.2)
 780:             2             48  jdk.internal.loader.URLClassPath$FileLoader (java.base@16.0.2)
 781:             2             48  jdk.internal.misc.Signal$NativeHandler (java.base@16.0.2)
 782:             3             48  jdk.proxy2.$Proxy17 (jdk.proxy2)
 783:             3             48  jdk.proxy2.$Proxy19 (jdk.proxy2)
 784:             3             48  jdk.proxy2.$Proxy21 (jdk.proxy2)
 785:             1             48  org.apache.maven.DefaultMaven
 786:             1             48  org.apache.maven.artifact.resolver.DefaultArtifactResolver
 787:             1             48  org.apache.maven.cli.CliRequest
 788:             1             48  org.apache.maven.internal.aether.DefaultRepositorySystemSessionFactory
 789:             1             48  org.apache.maven.lifecycle.internal.DefaultLifecycleExecutionPlanCalculator
 790:             1             48  org.apache.maven.lifecycle.internal.LifecycleStarter
 791:             1             48  org.apache.maven.plugin.DefaultPluginRealmCache$CacheKey
 792:             1             48  org.apache.maven.plugin.MojoExecution
 793:             2             48  org.apache.maven.plugin.MojoExecution$Source
 794:             1             48  org.apache.maven.project.DefaultProjectBuilder
 795:             2             48  org.apache.maven.project.ProjectBuildingRequest$RepositoryMerging
 796:             1             48  org.apache.maven.repository.legacy.LegacyRepositorySystem
 797:             2             48  org.apache.maven.session.scope.internal.SessionScope$ScopeState
 798:             1             48  org.apache.maven.settings.Mirror
 799:             3             48  org.codehaus.plexus.classworlds.strategy.SelfFirstStrategy
 800:             2             48  org.eclipse.aether.util.version.GenericVersion$Item
 801:             2             48  org.eclipse.sisu.inject.Guice4$1
 802:             2             48  org.eclipse.sisu.inject.InjectorBindings
 803:             2             48  org.eclipse.sisu.plexus.PlexusBeanBinder
 804:             2             48  org.eclipse.sisu.space.IndexedClassFinder
 805:             2             48  org.eclipse.sisu.space.URLClassSpace
 806:             2             48  org.kohsuke.args4j.spi.FileOptionHandler
 807:             1             48  org.slf4j.impl.SimpleLoggerConfiguration
 808:             2             48  sun.nio.fs.NativeBuffer$Deallocator (java.base@16.0.2)
 809:             2             48  sun.security.jca.ProviderList (java.base@16.0.2)
 810:             2             48  sun.security.jca.ProviderList$3 (java.base@16.0.2)
 811:             2             40  [Lcom.google.inject.Module;
 812:             1             40  [Ljava.lang.invoke.VarHandle$AccessType; (java.base@16.0.2)
 813:             1             40  [Ljava.time.format.SignStyle; (java.base@16.0.2)
 814:             1             40  [Ljava.time.format.TextStyle; (java.base@16.0.2)
 815:             1             40  [Ljava.util.stream.StreamOpFlag; (java.base@16.0.2)
 816:             1             40  [Lorg.eclipse.sisu.inject.QualifyingStrategy;
 817:             1             40  [Lorg.eclipse.sisu.space.BeanScanning;
 818:             1             40  [Lorg.eclipse.sisu.space.GlobberStrategy;
 819:             1             40  [Lorg.fusesource.jansi.AnsiType;
 820:             1             40  [Lorg.mariadb.jdbc.internal.util.constant.HaMode;
 821:             1             40  [Lorg.slf4j.impl.OutputChoice$OutputChoiceType;
 822:             1             40  [Lsun.util.locale.provider.LocaleProviderAdapter$Type; (java.base@16.0.2)
 823:             1             40  [[Ljava.lang.invoke.LambdaForm$Name; (java.base@16.0.2)
 824:             1             40  com.google.common.collect.AbstractMapBasedMultimap$AsMap
 825:             1             40  com.google.inject.internal.InjectorImpl$ProviderBindingImpl
 826:             1             40  com.google.inject.internal.UntargettedBindingImpl
 827:             1             40  java.io.BufferedInputStream (java.base@16.0.2)
 828:             1             40  java.lang.ArithmeticException (java.base@16.0.2)
 829:             1             40  java.lang.VirtualMachineError (java.base@16.0.2)
 830:             1             40  java.lang.invoke.BoundMethodHandle$Species_LJ (java.base@16.0.2)
 831:             1             40  java.lang.invoke.MethodHandleImpl$IntrinsicMethodHandle (java.base@16.0.2)
 832:             1             40  java.lang.invoke.VarHandleLongs$FieldInstanceReadWrite (java.base@16.0.2)
 833:             1             40  java.lang.invoke.VarHandleReferences$Array (java.base@16.0.2)
 834:             1             40  java.net.InetAddress$CachedAddresses (java.base@16.0.2)
 835:             1             40  java.net.Socket (java.base@16.0.2)
 836:             1             40  java.time.format.DateTimeFormatterBuilder (java.base@16.0.2)
 837:             1             40  java.time.format.DateTimeFormatterBuilder$FractionPrinterParser (java.base@16.0.2)
 838:             1             40  java.util.ResourceBundle$2 (java.base@16.0.2)
 839:             1             40  jdk.internal.loader.NativeLibraries$2 (java.base@16.0.2)
 840:             1             40  jdk.internal.ref.Cleaner (java.base@16.0.2)
 841:             1             40  jdk.internal.ref.CleanerImpl$CleanerCleanable (java.base@16.0.2)
 842:             1             40  org.apache.maven.artifact.handler.DefaultArtifactHandler$__sisu13
 843:             1             40  org.apache.maven.artifact.handler.DefaultArtifactHandler$__sisu9
 844:             1             40  org.apache.maven.classrealm.DefaultClassRealmManager
 845:             1             40  org.apache.maven.lifecycle.internal.DependencyContext
 846:             1             40  org.apache.maven.lifecycle.internal.LifecycleModuleBuilder
 847:             1             40  org.apache.maven.project.DefaultProjectBuildingHelper
 848:             1             40  org.apache.maven.project.artifact.DefaultMetadataSource
 849:             1             40  org.apache.maven.repository.internal.DefaultArtifactDescriptorReader
 850:             1             40  org.codehaus.plexus.util.xml.pull.EntityReplacementMap
 851:             1             40  org.eclipse.aether.util.graph.manager.ClassicDependencyManager
 852:             1             40  org.eclipse.aether.util.repository.DefaultMirrorSelector$MirrorDef
 853:             1             40  org.eclipse.sisu.plexus.PlexusLifecycleManager
 854:             1             40  org.mariadb.jdbc.UrlParser
 855:             1             40  sun.text.resources.cldr.FormatData (java.base@16.0.2)
 856:             1             40  sun.text.resources.cldr.FormatData_en (java.base@16.0.2)
 857:             1             40  sun.text.resources.cldr.ext.FormatData_en_001 (jdk.localedata@16.0.2)
 858:             1             40  sun.text.resources.cldr.ext.FormatData_en_CA (jdk.localedata@16.0.2)
 859:             1             40  sun.util.locale.InternalLocaleBuilder (java.base@16.0.2)
 860:             1             40  sun.util.resources.Bundles$1 (java.base@16.0.2)
 861:             1             40  sun.util.resources.cldr.CalendarData (java.base@16.0.2)
 862:             1             32  [Lcom.google.common.cache.LocalCache$Strength;
 863:             1             32  [Lcom.google.inject.Stage;
 864:             1             32  [Lcom.google.inject.internal.Initializer$InjectableReferenceState;
 865:             1             32  [Lcom.google.inject.internal.InjectorImpl$JitLimitation;
 866:             1             32  [Lcom.google.inject.internal.InternalFlags$IncludeStackTraceOption;
 867:             1             32  [Lcom.google.inject.internal.InternalFlags$NullableProvidesOption;
 868:             1             32  [Lcom.google.inject.spi.InjectionPoint$Position;
 869:             1             32  [Ljava.lang.module.ModuleDescriptor$Modifier; (java.base@16.0.2)
 870:             1             32  [Ljava.lang.module.ModuleDescriptor$Requires$Modifier; (java.base@16.0.2)
 871:             1             32  [Ljava.net.Proxy$Type; (java.base@16.0.2)
 872:             1             32  [Ljava.net.StandardProtocolFamily; (java.base@16.0.2)
 873:             1             32  [Ljava.text.DateFormat; (java.base@16.0.2)
 874:             1             32  [Ljava.text.Normalizer$Form; (java.base@16.0.2)
 875:             1             32  [Ljava.time.format.DateTimeFormatterBuilder$SettingsParser; (java.base@16.0.2)
 876:             1             32  [Ljava.time.format.ResolverStyle; (java.base@16.0.2)
 877:             1             32  [Ljava.time.temporal.IsoFields$Field; (java.base@16.0.2)
 878:             1             32  [Ljava.time.temporal.JulianFields$Field; (java.base@16.0.2)
 879:             1             32  [Ljava.util.regex.Pattern$Qtype; (java.base@16.0.2)
 880:             1             32  [Ljava.util.stream.StreamShape; (java.base@16.0.2)
 881:             1             32  [Ljdk.internal.icu.util.CodePointTrie$ValueWidth; (java.base@16.0.2)
 882:             1             32  [Ljdk.internal.logger.BootstrapLogger$LoggingBackend; (java.base@16.0.2)
 883:             1             32  [Ljdk.internal.module.ServicesCatalog; (java.base@16.0.2)
 884:             1             32  [Lorg.apache.maven.classrealm.ClassRealmRequest$RealmType;
 885:             1             32  [Lorg.apache.maven.model.building.ModelProblem$Version;
 886:             1             32  [Lorg.apache.maven.settings.building.SettingsProblem$Severity;
 887:             1             32  [Lorg.eclipse.aether.metadata.Metadata$Nature;
 888:             1             32  [Lorg.eclipse.sisu.bean.DeclaredMembers$View;
 889:             1             32  [Lorg.fusesource.jansi.AnsiColors;
 890:             1             32  [Lorg.fusesource.jansi.AnsiMode;
 891:             1             32  [Lsun.security.provider.NativePRNG$Variant; (java.base@16.0.2)
 892:             2             32  com.google.common.cache.LocalCache$LocalManualCache
 893:             2             32  com.google.common.collect.ComparisonChain$InactiveComparisonChain
 894:             2             32  com.google.inject.internal.Annotations$AnnotationChecker$1
 895:             1             32  com.google.inject.internal.BoundProviderFactory
 896:             2             32  com.google.inject.internal.Initializables$1
 897:             2             32  com.google.inject.internal.InjectorShell$InjectorFactory
 898:             2             32  com.google.inject.internal.InjectorShell$LoggerFactory
 899:             2             32  com.google.inject.internal.ProvisionListenerCallbackStore$1
 900:             2             32  com.google.inject.internal.TypeConverterBindingProcessor$1
 901:             2             32  com.google.inject.internal.TypeConverterBindingProcessor$2
 902:             2             32  com.google.inject.internal.TypeConverterBindingProcessor$3
 903:             2             32  com.google.inject.internal.TypeConverterBindingProcessor$4
 904:             2             32  com.google.inject.internal.WeakKeySet$1
 905:             2             32  com.google.inject.matcher.Matchers$SubclassesOf
 906:             1             32  java.io.UnixFileSystem (java.base@16.0.2)
 907:             2             32  java.lang.Boolean (java.base@16.0.2)
 908:             1             32  java.lang.Module$ArchivedData (java.base@16.0.2)
 909:             2             32  java.lang.Shutdown$Lock (java.base@16.0.2)
 910:             1             32  java.lang.module.ModuleDescriptor$Version (java.base@16.0.2)
 911:             2             32  java.nio.ByteOrder (java.base@16.0.2)
 912:             1             32  java.nio.DirectByteBuffer$Deallocator (java.base@16.0.2)
 913:             1             32  java.security.MessageDigest$Delegate$CloneableDelegate (java.base@16.0.2)
 914:             1             32  java.text.DontCareFieldPosition (java.base@16.0.2)
 915:             2             32  java.time.format.DateTimeFormatterBuilder$StringLiteralPrinterParser (java.base@16.0.2)
 916:             1             32  java.util.ArrayList$SubList (java.base@16.0.2)
 917:             2             32  java.util.Collections$SingletonSet (java.base@16.0.2)
 918:             2             32  java.util.Collections$UnmodifiableCollection (java.base@16.0.2)
 919:             2             32  java.util.IdentityHashMap$KeySet (java.base@16.0.2)
 920:             1             32  java.util.LinkedHashMap$LinkedKeyIterator (java.base@16.0.2)
 921:             2             32  java.util.Optional (java.base@16.0.2)
 922:             2             32  java.util.ResourceBundle$SingleFormatControl (java.base@16.0.2)
 923:             1             32  java.util.concurrent.ConcurrentHashMap$ForwardingNode (java.base@16.0.2)
 924:             1             32  java.util.concurrent.SynchronousQueue (java.base@16.0.2)
 925:             1             32  java.util.concurrent.ThreadLocalRandom (java.base@16.0.2)
 926:             1             32  java.util.concurrent.atomic.LongAdder (java.base@16.0.2)
 927:             1             32  java.util.logging.LogManager$SystemLoggerContext (java.logging@16.0.2)
 928:             1             32  java.util.zip.ZipCoder$UTF8ZipCoder (java.base@16.0.2)
 929:             1             32  jdk.internal.loader.ArchivedClassLoaders (java.base@16.0.2)
 930:             1             32  jdk.internal.loader.NativeLibraries$Unloader (java.base@16.0.2)
 931:             1             32  jdk.internal.module.ArchivedModuleGraph (java.base@16.0.2)
 932:             1             32  jdk.internal.org.objectweb.asm.ConstantDynamic (java.base@16.0.2)
 933:             1             32  jdk.internal.org.objectweb.asm.Handle (java.base@16.0.2)
 934:             1             32  jdk.internal.reflect.UnsafeQualifiedStaticObjectFieldAccessorImpl (java.base@16.0.2)
 935:             1             32  jdk.net.ExtendedSocketOptions$1 (jdk.net@16.0.2)
 936:             2             32  jdk.proxy2.$Proxy16 (jdk.proxy2)
 937:             1             32  org.apache.commons.cli.Options
 938:             2             32  org.apache.maven.artifact.versioning.ComparableVersion$StringItem
 939:             1             32  org.apache.maven.cli.transfer.ConsoleMavenTransferListener
 940:             1             32  org.apache.maven.execution.DefaultMavenExecutionResult
 941:             1             32  org.apache.maven.execution.MojoExecutionEvent
 942:             1             32  org.apache.maven.lifecycle.internal.LifecycleDependencyResolver
 943:             1             32  org.apache.maven.lifecycle.internal.MojoDescriptorCreator
 944:             1             32  org.apache.maven.lifecycle.internal.MojoExecutor
 945:             1             32  org.apache.maven.lifecycle.internal.ProjectSegment
 946:             1             32  org.apache.maven.lifecycle.internal.ReactorContext
 947:             1             32  org.apache.maven.lifecycle.internal.builder.BuilderCommon
 948:             2             32  org.apache.maven.model.merge.ModelMerger$ResourceKeyComputer
 949:             1             32  org.apache.maven.plugin.DefaultBuildPluginManager
 950:             1             32  org.apache.maven.plugin.prefix.internal.DefaultPluginPrefixResolver
 951:             1             32  org.apache.maven.plugin.version.internal.DefaultPluginVersionResolver
 952:             2             32  org.apache.maven.project.ExtensionDescriptorBuilder
 953:             1             32  org.apache.maven.project.ProjectSorter
 954:             1             32  org.apache.maven.repository.legacy.DefaultWagonManager
 955:             1             32  org.apache.maven.settings.building.DefaultSettingsBuilder
 956:             1             32  org.codehaus.plexus.classworlds.launcher.Launcher
 957:             2             32  org.eclipse.aether.internal.impl.SimpleLocalRepositoryManagerFactory
 958:             2             32  org.eclipse.aether.internal.impl.collect.ObjectPool
 959:             1             32  org.eclipse.aether.resolution.ArtifactDescriptorRequest
 960:             1             32  org.eclipse.aether.util.graph.transformer.ConflictResolver
 961:             2             32  org.eclipse.sisu.bean.BeanListener
 962:             1             32  org.eclipse.sisu.inject.DefaultBeanLocator
 963:             2             32  org.eclipse.sisu.inject.DefaultRankingFunction
 964:             1             32  org.eclipse.sisu.inject.MildConcurrentValues
 965:             1             32  org.eclipse.sisu.plexus.ComponentImpl
 966:             2             32  org.eclipse.sisu.plexus.PlexusAnnotatedBeanModule$PlexusAnnotatedBeanSource
 967:             2             32  org.eclipse.sisu.plexus.PlexusAnnotatedMetadata
 968:             2             32  org.eclipse.sisu.plexus.PlexusDateTypeConverter
 969:             2             32  org.eclipse.sisu.plexus.PlexusXmlBeanModule$PlexusXmlBeanSource
 970:             1             32  org.eclipse.sisu.space.CloningClassSpace
 971:             2             32  org.fusesource.jansi.io.AnsiOutputStream$ZeroWidthSupplier
 972:             2             32  org.fusesource.jansi.io.AnsiProcessor
 973:             1             32  org.kohsuke.args4j.CmdLineParser
 974:             1             32  org.kohsuke.args4j.ParserProperties
 975:             1             32  org.kohsuke.args4j.spi.EnumOptionHandler
 976:             1             32  org.mariadb.jdbc.internal.io.input.ReadAheadBufferedStream
 977:             1             32  org.sonatype.plexus.components.sec.dispatcher.DefaultSecDispatcher
 978:             1             32  sun.net.www.protocol.https.Handler (java.base@16.0.2)
 979:             1             32  sun.nio.fs.MacOSXFileSystem (java.base@16.0.2)
 980:             2             32  sun.security.provider.FileInputStreamPool$UnclosableInputStream (java.base@16.0.2)
 981:             1             32  sun.security.util.KnownOIDs$1 (java.base@16.0.2)
 982:             1             32  sun.security.util.KnownOIDs$10 (java.base@16.0.2)
 983:             1             32  sun.security.util.KnownOIDs$2 (java.base@16.0.2)
 984:             1             32  sun.security.util.KnownOIDs$3 (java.base@16.0.2)
 985:             1             32  sun.security.util.KnownOIDs$4 (java.base@16.0.2)
 986:             1             32  sun.security.util.KnownOIDs$5 (java.base@16.0.2)
 987:             1             32  sun.security.util.KnownOIDs$6 (java.base@16.0.2)
 988:             1             32  sun.security.util.KnownOIDs$7 (java.base@16.0.2)
 989:             1             32  sun.security.util.KnownOIDs$8 (java.base@16.0.2)
 990:             1             32  sun.security.util.KnownOIDs$9 (java.base@16.0.2)
 991:             1             24  [Lcom.google.common.cache.CacheBuilder$NullListener;
 992:             1             24  [Lcom.google.common.cache.CacheBuilder$OneWeigher;
 993:             1             24  [Lcom.google.inject.Key$NullAnnotationStrategy;
 994:             1             24  [Lcom.google.inject.internal.InternalFlags$CustomClassLoadingOption;
 995:             1             24  [Ljava.io.File$PathStatus; (java.base@16.0.2)
 996:             1             24  [Ljava.lang.invoke.MethodHandles$Lookup$ClassOption; (java.base@16.0.2)
 997:             1             24  [Ljava.net.InetAddress; (java.base@16.0.2)
 998:             1             24  [Ljava.time.temporal.IsoFields$Unit; (java.base@16.0.2)
 999:             1             24  [Ljava.util.Locale$Category; (java.base@16.0.2)
1000:             1             24  [Ljava.util.jar.Manifest; (java.base@16.0.2)
1001:             1             24  [Ljdk.internal.icu.util.CodePointTrie$Type; (java.base@16.0.2)
1002:             1             24  [Lorg.apache.maven.plugin.MojoExecution$Source;
1003:             1             24  [Lorg.apache.maven.project.ProjectBuildingRequest$RepositoryMerging;
1004:             1             24  [Lorg.eclipse.aether.collection.DependencyGraphTransformer;
1005:             1             24  com.google.common.base.Joiner$MapJoiner
1006:             1             24  com.google.common.cache.CacheBuilder$NullListener
1007:             1             24  com.google.common.cache.CacheBuilder$OneWeigher
1008:             1             24  com.google.common.cache.LocalCache$EntryFactory$1
1009:             1             24  com.google.common.cache.LocalCache$EntryFactory$2
1010:             1             24  com.google.common.cache.LocalCache$EntryFactory$3
1011:             1             24  com.google.common.cache.LocalCache$EntryFactory$4
1012:             1             24  com.google.common.cache.LocalCache$EntryFactory$5
1013:             1             24  com.google.common.cache.LocalCache$EntryFactory$6
1014:             1             24  com.google.common.cache.LocalCache$EntryFactory$7
1015:             1             24  com.google.common.cache.LocalCache$EntryFactory$8
1016:             1             24  com.google.common.cache.LocalCache$Strength$1
1017:             1             24  com.google.common.cache.LocalCache$Strength$2
1018:             1             24  com.google.common.cache.LocalCache$Strength$3
1019:             1             24  com.google.common.collect.ImmutableList$Itr
1020:             1             24  com.google.common.util.concurrent.AbstractFuture$Listener
1021:             1             24  com.google.common.util.concurrent.AbstractFuture$Waiter
1022:             1             24  com.google.inject.Key$NullAnnotationStrategy
1023:             1             24  com.google.inject.internal.DelegatingInvocationHandler
1024:             1             24  com.google.inject.internal.util.SourceProvider
1025:             1             24  java.lang.ProcessEnvironment$StringEnvironment (java.base@16.0.2)
1026:             1             24  java.lang.ProcessHandleImpl$$Lambda$52/0x0000000800dcafe8 (java.base@16.0.2)
1027:             1             24  java.lang.StringBuilder (java.base@16.0.2)
1028:             1             24  java.lang.invoke.DirectMethodHandle$EnsureInitialized (java.base@16.0.2)
1029:             1             24  java.lang.invoke.MethodType$ConcurrentWeakInternSet (java.base@16.0.2)
1030:             1             24  java.lang.invoke.VarHandles$1 (java.base@16.0.2)
1031:             1             24  java.lang.reflect.Proxy$1 (java.base@16.0.2)
1032:             1             24  java.net.Inet6AddressImpl (java.base@16.0.2)
1033:             1             24  java.net.Proxy (java.base@16.0.2)
1034:             1             24  java.net.Socket$SocketInputStream (java.base@16.0.2)
1035:             1             24  java.net.Socket$SocketOutputStream (java.base@16.0.2)
1036:             1             24  java.security.BasicPermissionCollection (java.base@16.0.2)
1037:             1             24  java.sql.DriverInfo (java.sql@16.0.2)
1038:             1             24  java.time.format.DecimalStyle (java.base@16.0.2)
1039:             1             24  java.time.temporal.IsoFields$Field$1 (java.base@16.0.2)
1040:             1             24  java.time.temporal.IsoFields$Field$2 (java.base@16.0.2)
1041:             1             24  java.time.temporal.IsoFields$Field$3 (java.base@16.0.2)
1042:             1             24  java.time.temporal.IsoFields$Field$4 (java.base@16.0.2)
1043:             1             24  java.util.Collections$3 (java.base@16.0.2)
1044:             1             24  java.util.Collections$EmptyMap (java.base@16.0.2)
1045:             1             24  java.util.Collections$SynchronizedCollection (java.base@16.0.2)
1046:             1             24  java.util.Collections$UnmodifiableCollection$1 (java.base@16.0.2)
1047:             1             24  java.util.Locale$Cache (java.base@16.0.2)
1048:             1             24  java.util.OptionalInt (java.base@16.0.2)
1049:             1             24  java.util.ResourceBundle$Control$CandidateListCache (java.base@16.0.2)
1050:             1             24  java.util.concurrent.ConcurrentSkipListMap$Index (java.base@16.0.2)
1051:             1             24  java.util.logging.LogManager$LoggerContext (java.logging@16.0.2)
1052:             1             24  java.util.regex.Pattern$$Lambda$57/0x0000000800dd39a0 (java.base@16.0.2)
1053:             1             24  java.util.regex.Pattern$BmpCharPredicate$$Lambda$58/0x0000000800dd3c00 (java.base@16.0.2)
1054:             1             24  java.util.regex.Pattern$NFCCharProperty (java.base@16.0.2)
1055:             1             24  java.util.regex.Pattern$Pos (java.base@16.0.2)
1056:             1             24  jdk.internal.icu.impl.Norm2AllModes (java.base@16.0.2)
1057:             1             24  jdk.internal.icu.impl.Norm2AllModes$ComposeNormalizer2 (java.base@16.0.2)
1058:             1             24  jdk.internal.icu.impl.Norm2AllModes$Norm2AllModesSingleton (java.base@16.0.2)
1059:             1             24  jdk.internal.jimage.ImageReader (java.base@16.0.2)
1060:             1             24  jdk.internal.logger.BootstrapLogger$RedirectedLoggers (java.base@16.0.2)
1061:             1             24  jdk.internal.module.ModuleHashes (java.base@16.0.2)
1062:             1             24  jdk.internal.module.SystemModuleFinders$SystemModuleFinder (java.base@16.0.2)
1063:             1             24  jdk.internal.ref.CleanerImpl (java.base@16.0.2)
1064:             1             24  org.apache.commons.cli.CommandLine
1065:             1             24  org.apache.maven.ReactorReader
1066:             1             24  org.apache.maven.artifact.handler.manager.DefaultArtifactHandlerManager
1067:             1             24  org.apache.maven.artifact.repository.metadata.DefaultRepositoryMetadataManager
1068:             1             24  org.apache.maven.artifact.resolver.DefaultArtifactCollector
1069:             1             24  org.apache.maven.artifact.resolver.filter.CumulativeScopeArtifactFilter
1070:             1             24  org.apache.maven.artifact.versioning.Restriction
1071:             1             24  org.apache.maven.bridge.MavenRepositorySystem
1072:             1             24  org.apache.maven.cli.configuration.SettingsXmlConfigurationProcessor
1073:             1             24  org.apache.maven.cli.event.ExecutionEventLogger
1074:             1             24  org.apache.maven.eventspy.internal.EventSpyDispatcher
1075:             1             24  org.apache.maven.execution.scope.internal.MojoExecutionScope$ScopeState
1076:             1             24  org.apache.maven.extension.internal.CoreExports
1077:             1             24  org.apache.maven.graph.DefaultGraphBuilder
1078:             1             24  org.apache.maven.graph.DefaultProjectDependencyGraph
1079:             1             24  org.apache.maven.lifecycle.DefaultLifecycles
1080:             1             24  org.apache.maven.lifecycle.Lifecycle
1081:             1             24  org.apache.maven.lifecycle.Lifecycle$__sisu7
1082:             1             24  org.apache.maven.lifecycle.Lifecycle$__sisu8
1083:             1             24  org.apache.maven.lifecycle.MavenExecutionPlan
1084:             1             24  org.apache.maven.lifecycle.internal.DefaultLifecyclePluginAnalyzer
1085:             1             24  org.apache.maven.lifecycle.internal.DefaultLifecycleTaskSegmentCalculator
1086:             1             24  org.apache.maven.lifecycle.internal.PhaseRecorder
1087:             1             24  org.apache.maven.lifecycle.internal.ProjectIndex
1088:             1             24  org.apache.maven.lifecycle.internal.ReactorBuildStatus
1089:             1             24  org.apache.maven.lifecycle.internal.TaskSegment
1090:             1             24  org.apache.maven.lifecycle.mapping.DefaultLifecycleMapping$__sisu1
1091:             1             24  org.apache.maven.lifecycle.mapping.Lifecycle
1092:             1             24  org.apache.maven.model.building.DefaultModelProcessor
1093:             1             24  org.apache.maven.model.building.Result
1094:             1             24  org.apache.maven.model.interpolation.StringVisitorModelInterpolator
1095:             1             24  org.apache.maven.model.plugin.DefaultLifecycleBindingsInjector
1096:             1             24  org.apache.maven.model.superpom.DefaultSuperPomProvider
1097:             1             24  org.apache.maven.plugin.PluginRealmCache$CacheRecord
1098:             1             24  org.apache.maven.plugin.internal.DefaultPluginDependenciesResolver
1099:             1             24  org.apache.maven.project.DefaultProjectDependenciesResolver
1100:             1             24  org.apache.maven.project.MavenProject$1
1101:             1             24  org.apache.maven.project.MavenProject$ArtifactsHolder
1102:             1             24  org.apache.maven.project.artifact.ProjectArtifactsCache$CacheRecord
1103:             1             24  org.apache.maven.repository.internal.DefaultVersionRangeResolver
1104:             1             24  org.apache.maven.repository.internal.DefaultVersionResolver
1105:             1             24  org.apache.maven.repository.legacy.repository.DefaultArtifactRepositoryFactory
1106:             1             24  org.apache.maven.rtinfo.internal.DefaultRuntimeInformation
1107:             1             24  org.apache.maven.toolchain.building.DefaultToolchainsBuilder
1108:             1             24  org.codehaus.plexus.DefaultPlexusContainer$DefaultsModule
1109:             1             24  org.codehaus.plexus.classworlds.ClassWorld
1110:             1             24  org.codehaus.plexus.component.configurator.converters.lookup.DefaultConverterLookup
1111:             1             24  org.codehaus.plexus.logging.console.ConsoleLogger
1112:             1             24  org.codehaus.plexus.util.dag.DAG
1113:             1             24  org.codehaus.plexus.util.dag.Vertex
1114:             1             24  org.eclipse.aether.internal.impl.EnhancedLocalRepositoryManager
1115:             1             24  org.eclipse.aether.repository.LocalRepository
1116:             1             24  org.eclipse.aether.repository.WorkspaceRepository
1117:             1             24  org.eclipse.aether.util.graph.selector.AndDependencySelector
1118:             1             24  org.eclipse.aether.util.graph.selector.ExclusionDependencySelector
1119:             1             24  org.eclipse.aether.util.graph.selector.ScopeDependencySelector
1120:             1             24  org.eclipse.aether.util.repository.SimpleResolutionErrorPolicy
1121:             1             24  org.eclipse.sisu.bean.BeanLifecycle
1122:             1             24  org.eclipse.sisu.bean.DeclaredMembers$View$1
1123:             1             24  org.eclipse.sisu.bean.DeclaredMembers$View$2
1124:             1             24  org.eclipse.sisu.bean.DeclaredMembers$View$3
1125:             1             24  org.eclipse.sisu.bean.LifecycleBuilder
1126:             1             24  org.eclipse.sisu.bean.LifecycleManager
1127:             1             24  org.eclipse.sisu.inject.MildValues
1128:             1             24  org.eclipse.sisu.inject.QualifyingStrategy$1
1129:             1             24  org.eclipse.sisu.inject.QualifyingStrategy$2
1130:             1             24  org.eclipse.sisu.inject.QualifyingStrategy$3
1131:             1             24  org.eclipse.sisu.inject.QualifyingStrategy$4
1132:             1             24  org.eclipse.sisu.inject.QualifyingStrategy$5
1133:             1             24  org.eclipse.sisu.plexus.ClassRealmManager
1134:             1             24  org.eclipse.sisu.plexus.DefaultPlexusBeanLocator
1135:             1             24  org.eclipse.sisu.space.DefaultClassFinder
1136:             1             24  org.eclipse.sisu.space.GlobberStrategy$1
1137:             1             24  org.eclipse.sisu.space.GlobberStrategy$2
1138:             1             24  org.eclipse.sisu.space.GlobberStrategy$3
1139:             1             24  org.eclipse.sisu.space.GlobberStrategy$4
1140:             1             24  org.eclipse.sisu.space.GlobberStrategy$5
1141:             1             24  org.eclipse.sisu.wire.TypeConverterCache
1142:             1             24  org.kohsuke.args4j.spi.IntOptionHandler
1143:             1             24  org.mariadb.jdbc.HostAddress
1144:             1             24  org.slf4j.helpers.SubstituteLoggerFactory
1145:             1             24  org.slf4j.impl.OutputChoice
1146:             1             24  sun.net.ProgressMonitor (java.base@16.0.2)
1147:             1             24  sun.net.sdp.SdpProvider (java.base@16.0.2)
1148:             1             24  sun.nio.ch.Util$BufferCache (java.base@16.0.2)
1149:             1             24  sun.nio.cs.ISO_8859_1 (java.base@16.0.2)
1150:             1             24  sun.nio.cs.StandardCharsets (java.base@16.0.2)
1151:             1             24  sun.nio.cs.US_ASCII (java.base@16.0.2)
1152:             1             24  sun.nio.cs.UTF_16 (java.base@16.0.2)
1153:             1             24  sun.nio.cs.UTF_16BE (java.base@16.0.2)
1154:             1             24  sun.nio.cs.UTF_16LE (java.base@16.0.2)
1155:             1             24  sun.nio.cs.UTF_8 (java.base@16.0.2)
1156:             1             24  sun.util.cldr.CLDRCalendarDataProviderImpl (java.base@16.0.2)
1157:             1             24  sun.util.locale.BaseLocale$Cache (java.base@16.0.2)
1158:             1             24  sun.util.locale.provider.CalendarProviderImpl (java.base@16.0.2)
1159:             1             24  sun.util.locale.provider.DateFormatSymbolsProviderImpl (java.base@16.0.2)
1160:             1             24  sun.util.locale.provider.DecimalFormatSymbolsProviderImpl (java.base@16.0.2)
1161:             1             24  sun.util.locale.provider.LocaleServiceProviderPool (java.base@16.0.2)
1162:             1             24  sun.util.locale.provider.NumberFormatProviderImpl (java.base@16.0.2)
1163:             1             16  [Lcom.google.inject.TypeLiteral;
1164:             1             16  [Lcom.google.inject.internal.util.StackTraceElements$InMemoryStackTraceElement;
1165:             1             16  [Ljava.lang.Throwable; (java.base@16.0.2)
1166:             1             16  [Ljava.lang.reflect.Member; (java.base@16.0.2)
1167:             1             16  [Ljava.security.Provider; (java.base@16.0.2)
1168:             1             16  [Ljava.security.cert.Certificate; (java.base@16.0.2)
1169:             1             16  [Ljava.text.FieldPosition; (java.base@16.0.2)
1170:             1             16  [Ljava.util.Map$Entry; (java.base@16.0.2)
1171:             1             16  [Ljava.util.logging.Handler; (java.logging@16.0.2)
1172:             1             16  [Lorg.codehaus.plexus.configuration.PlexusConfiguration;
1173:             1             16  [Lorg.codehaus.plexus.util.xml.Xpp3Dom;
1174:             1             16  com.google.common.base.Equivalence$Equals
1175:             1             16  com.google.common.base.Equivalence$Identity
1176:             1             16  com.google.common.base.Joiner
1177:             1             16  com.google.common.base.Platform$JdkPatternCompiler
1178:             1             16  com.google.common.base.Suppliers$SupplierOfInstance
1179:             1             16  com.google.common.base.Ticker$1
1180:             1             16  com.google.common.cache.CacheBuilder$1
1181:             1             16  com.google.common.cache.CacheBuilder$2
1182:             1             16  com.google.common.cache.CacheBuilder$3
1183:             1             16  com.google.common.cache.LocalCache$1
1184:             1             16  com.google.common.cache.LocalCache$2
1185:             1             16  com.google.common.collect.AbstractMapBasedMultimap$AsMap$AsMapEntries
1186:             1             16  com.google.common.collect.AbstractMultimap$Values
1187:             1             16  com.google.common.collect.CompactHashMap$EntrySetView
1188:             1             16  com.google.common.collect.ComparisonChain$1
1189:             1             16  com.google.common.collect.Maps$Values
1190:             1             16  com.google.common.util.concurrent.AbstractFuture$UnsafeAtomicHelper
1191:             1             16  com.google.inject.Scopes$1
1192:             1             16  com.google.inject.Scopes$2
1193:             1             16  com.google.inject.internal.$Proxy1
1194:             1             16  com.google.inject.internal.Annotations$1
1195:             1             16  com.google.inject.internal.Annotations$3
1196:             1             16  com.google.inject.internal.BytecodeGen$1
1197:             1             16  com.google.inject.internal.InjectorImpl$ProviderBindingImpl$1
1198:             1             16  com.google.inject.internal.Messages$1
1199:             1             16  com.google.inject.internal.Messages$2
1200:             1             16  com.google.inject.internal.Messages$3
1201:             1             16  com.google.inject.internal.MoreTypes$GenericArrayTypeImpl
1202:             1             16  com.google.inject.internal.ProvidesMethodScanner
1203:             1             16  com.google.inject.internal.Scoping$1
1204:             1             16  com.google.inject.internal.Scoping$2
1205:             1             16  com.google.inject.internal.Scoping$3
1206:             1             16  com.google.inject.internal.Scoping$4
1207:             1             16  com.google.inject.internal.Scoping$5
1208:             1             16  com.google.inject.internal.SingletonScope
1209:             1             16  com.google.inject.internal.State$1
1210:             1             16  com.google.inject.matcher.Matchers$Any
1211:             1             16  com.google.inject.spi.Elements$1
1212:             1             16  com.google.inject.spi.InjectionPoint$1
1213:             1             16  com.google.inject.spi.InjectionPoint$2
1214:             1             16  com.google.inject.spi.InjectionPoint$3
1215:             1             16  com.google.inject.util.Modules$EmptyModule
1216:             1             16  java.io.DeleteOnExitHook$1 (java.base@16.0.2)
1217:             1             16  java.io.FileDescriptor$1 (java.base@16.0.2)
1218:             1             16  java.io.FilePermission$1 (java.base@16.0.2)
1219:             1             16  java.io.RandomAccessFile$2 (java.base@16.0.2)
1220:             1             16  java.lang.ApplicationShutdownHooks$1 (java.base@16.0.2)
1221:             1             16  java.lang.CharacterData00 (java.base@16.0.2)
1222:             1             16  java.lang.CharacterDataLatin1 (java.base@16.0.2)
1223:             1             16  java.lang.Class$$Lambda$39/0x0000000800c74858 (java.base@16.0.2)
1224:             1             16  java.lang.InheritableThreadLocal (java.base@16.0.2)
1225:             1             16  java.lang.Module$$Lambda$32/0x0000000800c5eb18 (java.base@16.0.2)
1226:             1             16  java.lang.ProcessEnvironment$StringEntrySet (java.base@16.0.2)
1227:             1             16  java.lang.ProcessEnvironment$StringKeySet (java.base@16.0.2)
1228:             1             16  java.lang.ProcessHandleImpl$$Lambda$51/0x0000000800dcadc8 (java.base@16.0.2)
1229:             1             16  java.lang.Runtime (java.base@16.0.2)
1230:             1             16  java.lang.String$CaseInsensitiveComparator (java.base@16.0.2)
1231:             1             16  java.lang.StringCoding$1 (java.base@16.0.2)
1232:             1             16  java.lang.System$2 (java.base@16.0.2)
1233:             1             16  java.lang.Terminator$1 (java.base@16.0.2)
1234:             1             16  java.lang.invoke.ClassSpecializer$1 (java.base@16.0.2)
1235:             1             16  java.lang.invoke.MemberName$Factory (java.base@16.0.2)
1236:             1             16  java.lang.invoke.MethodHandleImpl$1 (java.base@16.0.2)
1237:             1             16  java.lang.invoke.StringConcatFactory$1 (java.base@16.0.2)
1238:             1             16  java.lang.invoke.StringConcatFactory$2 (java.base@16.0.2)
1239:             1             16  java.lang.invoke.StringConcatFactory$3 (java.base@16.0.2)
1240:             1             16  java.lang.invoke.VarHandle$1 (java.base@16.0.2)
1241:             1             16  java.lang.module.ModuleDescriptor$1 (java.base@16.0.2)
1242:             1             16  java.lang.module.ModuleDescriptor$Builder$$Lambda$34/0x80000003b (java.base@16.0.2)
1243:             1             16  java.lang.ref.Cleaner (java.base@16.0.2)
1244:             1             16  java.lang.ref.Cleaner$1 (java.base@16.0.2)
1245:             1             16  java.lang.ref.Reference$1 (java.base@16.0.2)
1246:             1             16  java.lang.reflect.Proxy$$Lambda$29/0x0000000800c5d698 (java.base@16.0.2)
1247:             1             16  java.lang.reflect.Proxy$$Lambda$44/0x0000000800c76430 (java.base@16.0.2)
1248:             1             16  java.lang.reflect.Proxy$ProxyBuilder$$Lambda$30/0x0000000800c5e1c0 (java.base@16.0.2)
1249:             1             16  java.lang.reflect.ProxyGenerator$$Lambda$35/0x0000000800c5f6e0 (java.base@16.0.2)
1250:             1             16  java.lang.reflect.ProxyGenerator$$Lambda$36/0x0000000800c5f920 (java.base@16.0.2)
1251:             1             16  java.lang.reflect.ReflectAccess (java.base@16.0.2)
1252:             1             16  java.net.InetAddress$1 (java.base@16.0.2)
1253:             1             16  java.net.InetAddress$PlatformNameService (java.base@16.0.2)
1254:             1             16  java.net.SocketImpl$$Lambda$48/0x0000000800c7f820 (java.base@16.0.2)
1255:             1             16  java.net.URI$1 (java.base@16.0.2)
1256:             1             16  java.net.URL$3 (java.base@16.0.2)
1257:             1             16  java.net.URL$DefaultFactory (java.base@16.0.2)
1258:             1             16  java.nio.Bits$1 (java.base@16.0.2)
1259:             1             16  java.nio.Buffer$1 (java.base@16.0.2)
1260:             1             16  java.security.AllPermission (java.base@16.0.2)
1261:             1             16  java.security.ProtectionDomain$JavaSecurityAccessImpl (java.base@16.0.2)
1262:             1             16  java.text.DecimalFormatSymbols$$Lambda$59/0x80000005f (java.base@16.0.2)
1263:             1             16  java.text.DontCareFieldPosition$1 (java.base@16.0.2)
1264:             1             16  java.time.chrono.IsoChronology (java.base@16.0.2)
1265:             1             16  java.time.format.DateTimeFormatter$$Lambda$50/0x800000056 (java.base@16.0.2)
1266:             1             16  java.time.format.DateTimeFormatter$$Lambda$51/0x800000057 (java.base@16.0.2)
1267:             1             16  java.time.format.DateTimeFormatterBuilder$$Lambda$49/0x800000055 (java.base@16.0.2)
1268:             1             16  java.time.format.DateTimeFormatterBuilder$InstantPrinterParser (java.base@16.0.2)
1269:             1             16  java.time.format.DateTimeTextProvider (java.base@16.0.2)
1270:             1             16  java.time.format.DateTimeTextProvider$1 (java.base@16.0.2)
1271:             1             16  java.util.Collections$EmptyEnumeration (java.base@16.0.2)
1272:             1             16  java.util.Collections$EmptyIterator (java.base@16.0.2)
1273:             1             16  java.util.Collections$EmptyList (java.base@16.0.2)
1274:             1             16  java.util.Collections$EmptySet (java.base@16.0.2)
1275:             1             16  java.util.EnumMap$1 (java.base@16.0.2)
1276:             1             16  java.util.IdentityHashMap$Values (java.base@16.0.2)
1277:             1             16  java.util.Locale$Builder (java.base@16.0.2)
1278:             1             16  java.util.ResourceBundle$1 (java.base@16.0.2)
1279:             1             16  java.util.ResourceBundle$Control (java.base@16.0.2)
1280:             1             16  java.util.Spliterators$EmptySpliterator$OfDouble (java.base@16.0.2)
1281:             1             16  java.util.Spliterators$EmptySpliterator$OfInt (java.base@16.0.2)
1282:             1             16  java.util.Spliterators$EmptySpliterator$OfLong (java.base@16.0.2)
1283:             1             16  java.util.Spliterators$EmptySpliterator$OfRef (java.base@16.0.2)
1284:             1             16  java.util.concurrent.ConcurrentSkipListMap$KeySet (java.base@16.0.2)
1285:             1             16  java.util.concurrent.ConcurrentSkipListSet (java.base@16.0.2)
1286:             1             16  java.util.concurrent.SynchronousQueue$TransferStack (java.base@16.0.2)
1287:             1             16  java.util.concurrent.ThreadPoolExecutor$AbortPolicy (java.base@16.0.2)
1288:             1             16  java.util.concurrent.atomic.AtomicReference (java.base@16.0.2)
1289:             1             16  java.util.jar.JavaUtilJarAccessImpl (java.base@16.0.2)
1290:             1             16  java.util.logging.Level$$Lambda$41/0x80000004d (java.logging@16.0.2)
1291:             1             16  java.util.logging.Level$KnownLevel$$Lambda$39/0x80000004b (java.logging@16.0.2)
1292:             1             16  java.util.logging.Level$KnownLevel$$Lambda$40/0x80000004c (java.logging@16.0.2)
1293:             1             16  java.util.logging.Level$KnownLevel$$Lambda$42/0x80000004e (java.logging@16.0.2)
1294:             1             16  java.util.logging.LogManager$LoggingProviderAccess (java.logging@16.0.2)
1295:             1             16  java.util.logging.LogManager$VisitedLoggers (java.logging@16.0.2)
1296:             1             16  java.util.regex.CharPredicates$$Lambda$20/0x80000002a (java.base@16.0.2)
1297:             1             16  java.util.regex.CharPredicates$$Lambda$48/0x800000054 (java.base@16.0.2)
1298:             1             16  java.util.regex.Pattern$$Lambda$14/0x0000000800c53450 (java.base@16.0.2)
1299:             1             16  java.util.regex.Pattern$$Lambda$45/0x0000000800c7c408 (java.base@16.0.2)
1300:             1             16  java.util.regex.Pattern$LastNode (java.base@16.0.2)
1301:             1             16  java.util.regex.Pattern$Node (java.base@16.0.2)
1302:             1             16  java.util.stream.Collectors$$Lambda$45/0x800000051 (java.base@16.0.2)
1303:             1             16  java.util.stream.Collectors$$Lambda$46/0x800000052 (java.base@16.0.2)
1304:             1             16  java.util.stream.Collectors$$Lambda$47/0x800000053 (java.base@16.0.2)
1305:             1             16  java.util.stream.FindOps$FindSink$OfInt$$Lambda$60/0x800000060 (java.base@16.0.2)
1306:             1             16  java.util.stream.FindOps$FindSink$OfInt$$Lambda$61/0x800000061 (java.base@16.0.2)
1307:             1             16  java.util.stream.FindOps$FindSink$OfInt$$Lambda$62/0x800000062 (java.base@16.0.2)
1308:             1             16  java.util.stream.FindOps$FindSink$OfInt$$Lambda$63/0x800000063 (java.base@16.0.2)
1309:             1             16  java.util.stream.FindOps$FindSink$OfRef$$Lambda$11/0x80000001b (java.base@16.0.2)
1310:             1             16  java.util.stream.FindOps$FindSink$OfRef$$Lambda$12/0x80000001c (java.base@16.0.2)
1311:             1             16  java.util.stream.FindOps$FindSink$OfRef$$Lambda$13/0x80000001d (java.base@16.0.2)
1312:             1             16  java.util.stream.FindOps$FindSink$OfRef$$Lambda$14/0x80000001e (java.base@16.0.2)
1313:             1             16  java.util.zip.ZipFile$1 (java.base@16.0.2)
1314:             1             16  javax.net.DefaultSocketFactory (java.base@16.0.2)
1315:             1             16  jdk.internal.icu.impl.Norm2AllModes$DecomposeNormalizer2 (java.base@16.0.2)
1316:             1             16  jdk.internal.icu.impl.Norm2AllModes$NoopNormalizer2 (java.base@16.0.2)
1317:             1             16  jdk.internal.icu.impl.NormalizerImpl$IsAcceptable (java.base@16.0.2)
1318:             1             16  jdk.internal.icu.text.NormalizerBase$ModeImpl (java.base@16.0.2)
1319:             1             16  jdk.internal.icu.text.NormalizerBase$NFCMode (java.base@16.0.2)
1320:             1             16  jdk.internal.icu.text.NormalizerBase$NFDMode (java.base@16.0.2)
1321:             1             16  jdk.internal.icu.text.NormalizerBase$NFKCMode (java.base@16.0.2)
1322:             1             16  jdk.internal.icu.text.NormalizerBase$NFKDMode (java.base@16.0.2)
1323:             1             16  jdk.internal.icu.text.NormalizerBase$NONEMode (java.base@16.0.2)
1324:             1             16  jdk.internal.icu.util.CodePointTrie$Data16 (java.base@16.0.2)
1325:             1             16  jdk.internal.icu.util.VersionInfo (java.base@16.0.2)
1326:             1             16  jdk.internal.jimage.ImageReaderFactory$1 (java.base@16.0.2)
1327:             1             16  jdk.internal.jimage.ImageStringsReader (java.base@16.0.2)
1328:             1             16  jdk.internal.jimage.decompressor.Decompressor (java.base@16.0.2)
1329:             1             16  jdk.internal.math.FloatingDecimal$1 (java.base@16.0.2)
1330:             1             16  jdk.internal.misc.ScopedMemoryAccess (java.base@16.0.2)
1331:             1             16  jdk.internal.misc.TerminatingThreadLocal$1 (java.base@16.0.2)
1332:             1             16  jdk.internal.misc.Unsafe (java.base@16.0.2)
1333:             1             16  jdk.internal.module.ArchivedBootLayer (java.base@16.0.2)
1334:             1             16  jdk.internal.module.ModuleLoaderMap$Mapper (java.base@16.0.2)
1335:             1             16  jdk.internal.module.ModulePatcher (java.base@16.0.2)
1336:             1             16  jdk.internal.module.ModuleTarget (java.base@16.0.2)
1337:             1             16  jdk.internal.perf.Perf (java.base@16.0.2)
1338:             1             16  jdk.internal.reflect.GeneratedConstructorAccessor1
1339:             1             16  jdk.internal.reflect.GeneratedConstructorAccessor10
1340:             1             16  jdk.internal.reflect.GeneratedConstructorAccessor11
1341:             1             16  jdk.internal.reflect.GeneratedConstructorAccessor12
1342:             1             16  jdk.internal.reflect.GeneratedConstructorAccessor13
1343:             1             16  jdk.internal.reflect.GeneratedConstructorAccessor14
1344:             1             16  jdk.internal.reflect.GeneratedConstructorAccessor15
1345:             1             16  jdk.internal.reflect.GeneratedConstructorAccessor16
1346:             1             16  jdk.internal.reflect.GeneratedConstructorAccessor2
1347:             1             16  jdk.internal.reflect.GeneratedConstructorAccessor3 (java.base@16.0.2)
1348:             1             16  jdk.internal.reflect.GeneratedConstructorAccessor4
1349:             1             16  jdk.internal.reflect.GeneratedConstructorAccessor5
1350:             1             16  jdk.internal.reflect.GeneratedConstructorAccessor6 (java.base@16.0.2)
1351:             1             16  jdk.internal.reflect.GeneratedConstructorAccessor7
1352:             1             16  jdk.internal.reflect.GeneratedConstructorAccessor8
1353:             1             16  jdk.internal.reflect.GeneratedConstructorAccessor9
1354:             1             16  jdk.internal.reflect.GeneratedMethodAccessor1
1355:             1             16  jdk.internal.reflect.GeneratedMethodAccessor2
1356:             1             16  jdk.internal.reflect.GeneratedMethodAccessor3
1357:             1             16  jdk.internal.reflect.GeneratedMethodAccessor4
1358:             1             16  jdk.internal.reflect.ReflectionFactory (java.base@16.0.2)
1359:             1             16  jdk.internal.util.Preconditions$1 (java.base@16.0.2)
1360:             1             16  jdk.net.MacOSXSocketOptions (jdk.net@16.0.2)
1361:             1             16  jdk.proxy1.$Proxy13 (jdk.proxy1)
1362:             1             16  jdk.proxy2.$Proxy10 (jdk.proxy2)
1363:             1             16  jdk.proxy2.$Proxy11 (jdk.proxy2)
1364:             1             16  jdk.proxy2.$Proxy12 (jdk.proxy2)
1365:             1             16  jdk.proxy2.$Proxy18 (jdk.proxy2)
1366:             1             16  jdk.proxy2.$Proxy20 (jdk.proxy2)
1367:             1             16  jdk.proxy2.$Proxy24 (jdk.proxy2)
1368:             1             16  jdk.proxy2.$Proxy6 (jdk.proxy2)
1369:             1             16  jdk.proxy2.$Proxy9 (jdk.proxy2)
1370:             1             16  org.apache.maven.RepositoryUtils$MavenArtifactTypeRegistry
1371:             1             16  org.apache.maven.artifact.factory.DefaultArtifactFactory
1372:             1             16  org.apache.maven.artifact.repository.layout.DefaultRepositoryLayout
1373:             1             16  org.apache.maven.artifact.repository.metadata.io.DefaultMetadataReader
1374:             1             16  org.apache.maven.artifact.resolver.DefaultArtifactResolver$DaemonThreadCreator
1375:             1             16  org.apache.maven.artifact.resolver.DefaultResolutionErrorHandler
1376:             1             16  org.apache.maven.cli.CLIManager
1377:             1             16  org.apache.maven.cli.logging.Slf4jLoggerManager
1378:             1             16  org.apache.maven.execution.DefaultMavenExecutionRequestPopulator
1379:             1             16  org.apache.maven.execution.scope.internal.MojoExecutionScope
1380:             1             16  org.apache.maven.execution.scope.internal.MojoExecutionScope$1
1381:             1             16  org.apache.maven.extension.internal.CoreExportsProvider
1382:             1             16  org.apache.maven.internal.aether.LoggingRepositoryListener
1383:             1             16  org.apache.maven.lifecycle.internal.BuildListCalculator
1384:             1             16  org.apache.maven.lifecycle.internal.CompoundProjectExecutionListener
1385:             1             16  org.apache.maven.lifecycle.internal.DefaultExecutionEventCatapult
1386:             1             16  org.apache.maven.lifecycle.internal.DefaultLifecycleMappingDelegate
1387:             1             16  org.apache.maven.lifecycle.internal.DefaultMojoExecutionConfigurator
1388:             1             16  org.apache.maven.lifecycle.internal.DefaultProjectArtifactFactory
1389:             1             16  org.apache.maven.lifecycle.internal.ExecutionPlanItem
1390:             1             16  org.apache.maven.lifecycle.internal.GoalTask
1391:             1             16  org.apache.maven.lifecycle.internal.LifecycleDebugLogger
1392:             1             16  org.apache.maven.lifecycle.internal.LifecyclePluginResolver
1393:             1             16  org.apache.maven.lifecycle.internal.ProjectBuildList
1394:             1             16  org.apache.maven.lifecycle.internal.builder.singlethreaded.SingleThreadedBuilder
1395:             1             16  org.apache.maven.model.building.ModelBuildingEventCatapult$1
1396:             1             16  org.apache.maven.model.building.ModelCacheTag$1
1397:             1             16  org.apache.maven.model.building.ModelCacheTag$2
1398:             1             16  org.apache.maven.model.composition.DefaultDependencyManagementImporter
1399:             1             16  org.apache.maven.model.inheritance.DefaultInheritanceAssembler
1400:             1             16  org.apache.maven.model.inheritance.DefaultInheritanceAssembler$InheritanceModelMerger
1401:             1             16  org.apache.maven.model.io.DefaultModelReader
1402:             1             16  org.apache.maven.model.locator.DefaultModelLocator
1403:             1             16  org.apache.maven.model.management.DefaultDependencyManagementInjector
1404:             1             16  org.apache.maven.model.management.DefaultDependencyManagementInjector$ManagementModelMerger
1405:             1             16  org.apache.maven.model.management.DefaultPluginManagementInjector
1406:             1             16  org.apache.maven.model.management.DefaultPluginManagementInjector$ManagementModelMerger
1407:             1             16  org.apache.maven.model.normalization.DefaultModelNormalizer
1408:             1             16  org.apache.maven.model.normalization.DefaultModelNormalizer$DuplicateMerger
1409:             1             16  org.apache.maven.model.path.DefaultModelPathTranslator
1410:             1             16  org.apache.maven.model.path.DefaultModelUrlNormalizer
1411:             1             16  org.apache.maven.model.path.DefaultPathTranslator
1412:             1             16  org.apache.maven.model.path.DefaultUrlNormalizer
1413:             1             16  org.apache.maven.model.plugin.DefaultLifecycleBindingsInjector$LifecycleBindingsMerger
1414:             1             16  org.apache.maven.model.plugin.DefaultPluginConfigurationExpander
1415:             1             16  org.apache.maven.model.plugin.DefaultReportConfigurationExpander
1416:             1             16  org.apache.maven.model.plugin.DefaultReportingConverter
1417:             1             16  org.apache.maven.model.profile.DefaultProfileInjector
1418:             1             16  org.apache.maven.model.profile.DefaultProfileInjector$ProfileModelMerger
1419:             1             16  org.apache.maven.model.profile.DefaultProfileSelector
1420:             1             16  org.apache.maven.model.profile.activation.FileProfileActivator
1421:             1             16  org.apache.maven.model.profile.activation.JdkVersionProfileActivator
1422:             1             16  org.apache.maven.model.profile.activation.OperatingSystemProfileActivator
1423:             1             16  org.apache.maven.model.profile.activation.PropertyProfileActivator
1424:             1             16  org.apache.maven.model.validation.DefaultModelValidator
1425:             1             16  org.apache.maven.monitor.logging.DefaultLog
1426:             1             16  org.apache.maven.plugin.CompoundMojoExecutionListener
1427:             1             16  org.apache.maven.plugin.DefaultExtensionRealmCache
1428:             1             16  org.apache.maven.plugin.DefaultPluginArtifactsCache
1429:             1             16  org.apache.maven.plugin.DefaultPluginDescriptorCache
1430:             1             16  org.apache.maven.plugin.DefaultPluginRealmCache
1431:             1             16  org.apache.maven.plugin.descriptor.PluginDescriptorBuilder
1432:             1             16  org.apache.maven.plugin.internal.DefaultLegacySupport
1433:             1             16  org.apache.maven.project.DefaultProjectRealmCache
1434:             1             16  org.apache.maven.project.ReactorModelCache
1435:             1             16  org.apache.maven.project.artifact.DefaultMavenMetadataCache
1436:             1             16  org.apache.maven.project.artifact.DefaultProjectArtifactsCache
1437:             1             16  org.apache.maven.repository.DefaultMirrorSelector
1438:             1             16  org.apache.maven.repository.legacy.DefaultUpdateCheckManager
1439:             1             16  org.apache.maven.repository.legacy.resolver.conflict.NearestConflictResolver
1440:             1             16  org.apache.maven.session.scope.internal.SessionScope
1441:             1             16  org.apache.maven.session.scope.internal.SessionScope$1
1442:             1             16  org.apache.maven.session.scope.internal.SessionScope$Memento
1443:             1             16  org.apache.maven.settings.RuntimeInfo
1444:             1             16  org.apache.maven.settings.crypto.DefaultSettingsDecrypter
1445:             1             16  org.apache.maven.settings.io.DefaultSettingsReader
1446:             1             16  org.apache.maven.settings.io.DefaultSettingsWriter
1447:             1             16  org.apache.maven.settings.merge.MavenSettingsMerger
1448:             1             16  org.apache.maven.settings.validation.DefaultSettingsValidator
1449:             1             16  org.apache.maven.shared.transfer.artifact.resolve.internal.DefaultArtifactResolver
1450:             1             16  org.apache.maven.shared.transfer.dependencies.resolve.internal.DefaultDependencyResolver
1451:             1             16  org.apache.maven.toolchain.io.DefaultToolchainsReader
1452:             1             16  org.apache.maven.toolchain.io.DefaultToolchainsWriter
1453:             1             16  org.apache.maven.toolchain.merge.MavenToolchainMerger
1454:             1             16  org.codehaus.mojo.exec.ExecJavaMojo$1
1455:             1             16  org.codehaus.plexus.DefaultPlexusContainer$ContainerModule
1456:             1             16  org.codehaus.plexus.DefaultPlexusContainer$LoggerManagerProvider
1457:             1             16  org.codehaus.plexus.DefaultPlexusContainer$LoggerProvider
1458:             1             16  org.codehaus.plexus.DefaultPlexusContainer$SLF4JLoggerFactoryProvider
1459:             1             16  org.codehaus.plexus.component.configurator.BasicComponentConfigurator
1460:             1             16  org.codehaus.plexus.component.configurator.converters.basic.BooleanConverter
1461:             1             16  org.codehaus.plexus.component.configurator.converters.basic.ByteConverter
1462:             1             16  org.codehaus.plexus.component.configurator.converters.basic.CharConverter
1463:             1             16  org.codehaus.plexus.component.configurator.converters.basic.DateConverter
1464:             1             16  org.codehaus.plexus.component.configurator.converters.basic.DoubleConverter
1465:             1             16  org.codehaus.plexus.component.configurator.converters.basic.EnumConverter
1466:             1             16  org.codehaus.plexus.component.configurator.converters.basic.FileConverter
1467:             1             16  org.codehaus.plexus.component.configurator.converters.basic.FloatConverter
1468:             1             16  org.codehaus.plexus.component.configurator.converters.basic.IntConverter
1469:             1             16  org.codehaus.plexus.component.configurator.converters.basic.LongConverter
1470:             1             16  org.codehaus.plexus.component.configurator.converters.basic.ShortConverter
1471:             1             16  org.codehaus.plexus.component.configurator.converters.basic.StringBufferConverter
1472:             1             16  org.codehaus.plexus.component.configurator.converters.basic.StringBuilderConverter
1473:             1             16  org.codehaus.plexus.component.configurator.converters.basic.StringConverter
1474:             1             16  org.codehaus.plexus.component.configurator.converters.basic.UriConverter
1475:             1             16  org.codehaus.plexus.component.configurator.converters.basic.UrlConverter
1476:             1             16  org.codehaus.plexus.component.configurator.converters.composite.ArrayConverter
1477:             1             16  org.codehaus.plexus.component.configurator.converters.composite.CollectionConverter
1478:             1             16  org.codehaus.plexus.component.configurator.converters.composite.MapConverter
1479:             1             16  org.codehaus.plexus.component.configurator.converters.composite.ObjectWithFieldsConverter
1480:             1             16  org.codehaus.plexus.component.configurator.converters.composite.PlexusConfigurationConverter
1481:             1             16  org.codehaus.plexus.component.configurator.converters.composite.PropertiesConverter
1482:             1             16  org.codehaus.plexus.component.configurator.converters.special.ClassRealmConverter
1483:             1             16  org.codehaus.plexus.component.configurator.expression.DefaultExpressionEvaluator
1484:             1             16  org.codehaus.plexus.context.ContextMapAdapter
1485:             1             16  org.codehaus.plexus.context.DefaultContext
1486:             1             16  org.codehaus.plexus.interpolation.os.OperatingSystemUtils$DefaultEnvVarSource
1487:             1             16  org.codehaus.plexus.interpolation.reflection.ClassMap$CacheMiss
1488:             1             16  org.codehaus.plexus.util.introspection.ClassMap$CacheMiss
1489:             1             16  org.eclipse.aether.DefaultRepositoryCache
1490:             1             16  org.eclipse.aether.DefaultRepositorySystemSession$NullArtifactTypeRegistry
1491:             1             16  org.eclipse.aether.DefaultRepositorySystemSession$NullAuthenticationSelector
1492:             1             16  org.eclipse.aether.DefaultRepositorySystemSession$NullFileTransformerManager
1493:             1             16  org.eclipse.aether.DefaultRepositorySystemSession$NullMirrorSelector
1494:             1             16  org.eclipse.aether.DefaultRepositorySystemSession$NullProxySelector
1495:             1             16  org.eclipse.aether.DefaultSessionData
1496:             1             16  org.eclipse.aether.internal.impl.EnhancedLocalRepositoryManagerFactory
1497:             1             16  org.eclipse.aether.internal.impl.TrackingFileManager
1498:             1             16  org.eclipse.aether.util.graph.selector.ExclusionDependencySelector$ExclusionComparator
1499:             1             16  org.eclipse.aether.util.graph.selector.OptionalDependencySelector
1500:             1             16  org.eclipse.aether.util.graph.transformer.ChainedDependencyGraphTransformer
1501:             1             16  org.eclipse.aether.util.graph.transformer.JavaDependencyContextRefiner
1502:             1             16  org.eclipse.aether.util.graph.transformer.JavaScopeDeriver
1503:             1             16  org.eclipse.aether.util.graph.transformer.JavaScopeSelector
1504:             1             16  org.eclipse.aether.util.graph.transformer.NearestVersionSelector
1505:             1             16  org.eclipse.aether.util.graph.transformer.SimpleOptionalitySelector
1506:             1             16  org.eclipse.aether.util.graph.traverser.FatArtifactTraverser
1507:             1             16  org.eclipse.aether.util.repository.DefaultAuthenticationSelector
1508:             1             16  org.eclipse.aether.util.repository.DefaultMirrorSelector
1509:             1             16  org.eclipse.aether.util.repository.DefaultProxySelector
1510:             1             16  org.eclipse.aether.util.repository.SimpleArtifactDescriptorPolicy
1511:             1             16  org.eclipse.sisu.bean.BeanScheduler$1
1512:             1             16  org.eclipse.sisu.bean.BeanScheduler$CycleActivator
1513:             1             16  org.eclipse.sisu.bean.BeanScheduler$CycleActivator$1
1514:             1             16  org.eclipse.sisu.bean.PropertyBinder$1
1515:             1             16  org.eclipse.sisu.inject.HiddenSource
1516:             1             16  org.eclipse.sisu.inject.Implementations$ClassFinder
1517:             1             16  org.eclipse.sisu.inject.ImplicitBindings
1518:             1             16  org.eclipse.sisu.inject.Logs$SLF4JSink
1519:             1             16  org.eclipse.sisu.plexus.ComponentDescriptorBeanModule$ComponentMetadata
1520:             1             16  org.eclipse.sisu.plexus.ComponentDescriptorBeanModule$PlexusDescriptorBeanSource
1521:             1             16  org.eclipse.sisu.plexus.PlexusAnnotatedBeanModule$1
1522:             1             16  org.eclipse.sisu.plexus.PlexusXmlBeanConverter
1523:             1             16  org.eclipse.sisu.space.SpaceModule$Strategy$1
1524:             1             16  org.eclipse.sisu.wire.BeanProviders
1525:             1             16  org.eclipse.sisu.wire.FileTypeConverter
1526:             1             16  org.eclipse.sisu.wire.URLTypeConverter
1527:             1             16  org.eclipse.sisu.wire.WireModule$Strategy$1
1528:             1             16  org.fusesource.jansi.Ansi$1
1529:             1             16  org.fusesource.jansi.Ansi$2
1530:             1             16  org.kohsuke.args4j.OptionHandlerRegistry
1531:             1             16  org.kohsuke.args4j.ParserProperties$1
1532:             1             16  org.mariadb.jdbc.Driver
1533:             1             16  org.mariadb.jdbc.internal.io.socket.SocketUtility$$Lambda$47/0x0000000800da74b0
1534:             1             16  org.mariadb.jdbc.internal.logging.NoLogger
1535:             1             16  org.mariadb.jdbc.internal.util.DeRegister
1536:             1             16  org.mariadb.jdbc.internal.util.pid.PidFactory$$Lambda$50/0x0000000800db5a60
1537:             1             16  org.slf4j.helpers.NOPLoggerFactory
1538:             1             16  org.slf4j.impl.MavenSimpleLoggerFactory
1539:             1             16  org.slf4j.impl.StaticLoggerBinder
1540:             1             16  org.sonatype.plexus.components.cipher.DefaultPlexusCipher
1541:             1             16  org.sonatype.plexus.components.cipher.PBECipher
1542:             1             16  sun.misc.Unsafe (jdk.unsupported@16.0.2)
1543:             1             16  sun.net.DefaultProgressMeteringPolicy (java.base@16.0.2)
1544:             1             16  sun.net.spi.DefaultProxySelector (java.base@16.0.2)
1545:             1             16  sun.net.www.protocol.file.Handler (java.base@16.0.2)
1546:             1             16  sun.net.www.protocol.jar.Handler (java.base@16.0.2)
1547:             1             16  sun.net.www.protocol.jar.JarFileFactory (java.base@16.0.2)
1548:             1             16  sun.net.www.protocol.jrt.Handler (java.base@16.0.2)
1549:             1             16  sun.nio.ch.ExtendedSocketOption$1 (java.base@16.0.2)
1550:             1             16  sun.nio.ch.Net$1 (java.base@16.0.2)
1551:             1             16  sun.nio.ch.NioSocketImpl$$Lambda$49/0x0000000800dc34b0 (java.base@16.0.2)
1552:             1             16  sun.nio.ch.NioSocketImpl$1 (java.base@16.0.2)
1553:             1             16  sun.nio.ch.NioSocketImpl$2 (java.base@16.0.2)
1554:             1             16  sun.nio.ch.SocketDispatcher (java.base@16.0.2)
1555:             1             16  sun.nio.ch.Util$1 (java.base@16.0.2)
1556:             1             16  sun.nio.fs.MacOSXFileSystemProvider (java.base@16.0.2)
1557:             1             16  sun.nio.fs.NativeBuffers$1 (java.base@16.0.2)
1558:             1             16  sun.reflect.generics.tree.VoidDescriptor (java.base@16.0.2)
1559:             1             16  sun.security.provider.NativePRNG (java.base@16.0.2)
1560:             1             16  sun.util.calendar.Gregorian (java.base@16.0.2)
1561:             1             16  sun.util.cldr.CLDRBaseLocaleDataMetaInfo (java.base@16.0.2)
1562:             1             16  sun.util.locale.InternalLocaleBuilder$CaseInsensitiveChar (java.base@16.0.2)
1563:             1             16  sun.util.locale.provider.CalendarDataUtility$CalendarWeekParameterGetter (java.base@16.0.2)
1564:             1             16  sun.util.resources.LocaleData (java.base@16.0.2)
1565:             1             16  sun.util.resources.LocaleData$LocaleDataStrategy (java.base@16.0.2)
1566:             1             16  sun.util.resources.cldr.provider.CLDRLocaleDataMetaInfo (jdk.localedata@16.0.2)
Total        863808       47163392
